Archive member included to satisfy reference by file (symbol)

/opt/stm32cubeide/plugins/com.st.stm32cube.ide.mcu.externaltools.gnu-tools-for-stm32.7-2018-q2-update.linux64_1.0.0.201904181610/tools/bin/../lib/gcc/arm-none-eabi/7.3.1/../../../../arm-none-eabi/lib/thumb/v7e-m/fpv4-sp/hard/libstdc++_nano.a(pure.o)
                              Src/C_TO.o (__cxa_pure_virtual)
/opt/stm32cubeide/plugins/com.st.stm32cube.ide.mcu.externaltools.gnu-tools-for-stm32.7-2018-q2-update.linux64_1.0.0.201904181610/tools/bin/../lib/gcc/arm-none-eabi/7.3.1/../../../../arm-none-eabi/lib/thumb/v7e-m/fpv4-sp/hard/libstdc++_nano.a(new_op.o)
                              Src/C_TO.o (operator new(unsigned int))
/opt/stm32cubeide/plugins/com.st.stm32cube.ide.mcu.externaltools.gnu-tools-for-stm32.7-2018-q2-update.linux64_1.0.0.201904181610/tools/bin/../lib/gcc/arm-none-eabi/7.3.1/../../../../arm-none-eabi/lib/thumb/v7e-m/fpv4-sp/hard/libstdc++_nano.a(new_handler.o)
                              /opt/stm32cubeide/plugins/com.st.stm32cube.ide.mcu.externaltools.gnu-tools-for-stm32.7-2018-q2-update.linux64_1.0.0.201904181610/tools/bin/../lib/gcc/arm-none-eabi/7.3.1/../../../../arm-none-eabi/lib/thumb/v7e-m/fpv4-sp/hard/libstdc++_nano.a(new_op.o) (std::get_new_handler())
/opt/stm32cubeide/plugins/com.st.stm32cube.ide.mcu.externaltools.gnu-tools-for-stm32.7-2018-q2-update.linux64_1.0.0.201904181610/tools/bin/../lib/gcc/arm-none-eabi/7.3.1/../../../../arm-none-eabi/lib/thumb/v7e-m/fpv4-sp/hard/libstdc++_nano.a(eh_terminate.o)
                              /opt/stm32cubeide/plugins/com.st.stm32cube.ide.mcu.externaltools.gnu-tools-for-stm32.7-2018-q2-update.linux64_1.0.0.201904181610/tools/bin/../lib/gcc/arm-none-eabi/7.3.1/../../../../arm-none-eabi/lib/thumb/v7e-m/fpv4-sp/hard/libstdc++_nano.a(pure.o) (std::terminate())
/opt/stm32cubeide/plugins/com.st.stm32cube.ide.mcu.externaltools.gnu-tools-for-stm32.7-2018-q2-update.linux64_1.0.0.201904181610/tools/bin/../lib/gcc/arm-none-eabi/7.3.1/../../../../arm-none-eabi/lib/thumb/v7e-m/fpv4-sp/hard/libstdc++_nano.a(eh_unex_handler.o)
                              /opt/stm32cubeide/plugins/com.st.stm32cube.ide.mcu.externaltools.gnu-tools-for-stm32.7-2018-q2-update.linux64_1.0.0.201904181610/tools/bin/../lib/gcc/arm-none-eabi/7.3.1/../../../../arm-none-eabi/lib/thumb/v7e-m/fpv4-sp/hard/libstdc++_nano.a(eh_terminate.o) (__cxxabiv1::__unexpected_handler)
/opt/stm32cubeide/plugins/com.st.stm32cube.ide.mcu.externaltools.gnu-tools-for-stm32.7-2018-q2-update.linux64_1.0.0.201904181610/tools/bin/../lib/gcc/arm-none-eabi/7.3.1/../../../../arm-none-eabi/lib/thumb/v7e-m/fpv4-sp/hard/libstdc++_nano.a(eh_term_handler.o)
                              /opt/stm32cubeide/plugins/com.st.stm32cube.ide.mcu.externaltools.gnu-tools-for-stm32.7-2018-q2-update.linux64_1.0.0.201904181610/tools/bin/../lib/gcc/arm-none-eabi/7.3.1/../../../../arm-none-eabi/lib/thumb/v7e-m/fpv4-sp/hard/libstdc++_nano.a(eh_terminate.o) (__cxxabiv1::__terminate_handler)
/opt/stm32cubeide/plugins/com.st.stm32cube.ide.mcu.externaltools.gnu-tools-for-stm32.7-2018-q2-update.linux64_1.0.0.201904181610/tools/bin/../lib/gcc/arm-none-eabi/7.3.1/../../../../arm-none-eabi/lib/thumb/v7e-m/fpv4-sp/hard/libc_nano.a(lib_a-abort.o)
                              /opt/stm32cubeide/plugins/com.st.stm32cube.ide.mcu.externaltools.gnu-tools-for-stm32.7-2018-q2-update.linux64_1.0.0.201904181610/tools/bin/../lib/gcc/arm-none-eabi/7.3.1/../../../../arm-none-eabi/lib/thumb/v7e-m/fpv4-sp/hard/libstdc++_nano.a(new_op.o) (abort)
/opt/stm32cubeide/plugins/com.st.stm32cube.ide.mcu.externaltools.gnu-tools-for-stm32.7-2018-q2-update.linux64_1.0.0.201904181610/tools/bin/../lib/gcc/arm-none-eabi/7.3.1/../../../../arm-none-eabi/lib/thumb/v7e-m/fpv4-sp/hard/libc_nano.a(lib_a-errno.o)
                              Src/syscalls.o (__errno)
/opt/stm32cubeide/plugins/com.st.stm32cube.ide.mcu.externaltools.gnu-tools-for-stm32.7-2018-q2-update.linux64_1.0.0.201904181610/tools/bin/../lib/gcc/arm-none-eabi/7.3.1/../../../../arm-none-eabi/lib/thumb/v7e-m/fpv4-sp/hard/libc_nano.a(lib_a-exit.o)
                              /opt/stm32cubeide/plugins/com.st.stm32cube.ide.mcu.externaltools.gnu-tools-for-stm32.7-2018-q2-update.linux64_1.0.0.201904181610/tools/bin/../lib/gcc/arm-none-eabi/7.3.1/../../../../arm-none-eabi/lib/thumb/v7e-m/fpv4-sp/hard/crt0.o (exit)
/opt/stm32cubeide/plugins/com.st.stm32cube.ide.mcu.externaltools.gnu-tools-for-stm32.7-2018-q2-update.linux64_1.0.0.201904181610/tools/bin/../lib/gcc/arm-none-eabi/7.3.1/../../../../arm-none-eabi/lib/thumb/v7e-m/fpv4-sp/hard/libc_nano.a(lib_a-impure.o)
                              /opt/stm32cubeide/plugins/com.st.stm32cube.ide.mcu.externaltools.gnu-tools-for-stm32.7-2018-q2-update.linux64_1.0.0.201904181610/tools/bin/../lib/gcc/arm-none-eabi/7.3.1/../../../../arm-none-eabi/lib/thumb/v7e-m/fpv4-sp/hard/libc_nano.a(lib_a-exit.o) (_global_impure_ptr)
[...]
Memory Configuration

Name             Origin             Length             Attributes
CCMRAM           0x0000000010000000 0x0000000000010000 xrw
RAM              0x0000000020000000 0x0000000000020000 xrw
FLASH            0x0000000008000000 0x0000000000100000 xr
*default*        0x0000000000000000 0xffffffffffffffff

Linker script and memory map

LOAD /opt/stm32cubeide/plugins/com.st.stm32cube.ide.mcu.externaltools.gnu-tools-for-stm32.7-2018-q2-update.linux64_1.0.0.201904181610/tools/bin/../lib/gcc/arm-none-eabi/7.3.1/thumb/v7e-m/fpv4-sp/hard/crti.o
LOAD /opt/stm32cubeide/plugins/com.st.stm32cube.ide.mcu.externaltools.gnu-tools-for-stm32.7-2018-q2-update.linux64_1.0.0.201904181610/tools/bin/../lib/gcc/arm-none-eabi/7.3.1/thumb/v7e-m/fpv4-sp/hard/crtbegin.o
LOAD /opt/stm32cubeide/plugins/com.st.stm32cube.ide.mcu.externaltools.gnu-tools-for-stm32.7-2018-q2-update.linux64_1.0.0.201904181610/tools/bin/../lib/gcc/arm-none-eabi/7.3.1/../../../../arm-none-eabi/lib/thumb/v7e-m/fpv4-sp/hard/crt0.o
LOAD Drivers/STM32F4xx_HAL_Driver/Src/stm32f4xx_hal.o
LOAD Drivers/STM32F4xx_HAL_Driver/Src/stm32f4xx_hal_cortex.o
LOAD Drivers/STM32F4xx_HAL_Driver/Src/stm32f4xx_hal_dma.o
LOAD Drivers/STM32F4xx_HAL_Driver/Src/stm32f4xx_hal_dma_ex.o
LOAD Drivers/STM32F4xx_HAL_Driver/Src/stm32f4xx_hal_exti.o
LOAD Drivers/STM32F4xx_HAL_Driver/Src/stm32f4xx_hal_flash.o
LOAD Drivers/STM32F4xx_HAL_Driver/Src/stm32f4xx_hal_flash_ex.o
LOAD Drivers/STM32F4xx_HAL_Driver/Src/stm32f4xx_hal_flash_ramfunc.o
LOAD Drivers/STM32F4xx_HAL_Driver/Src/stm32f4xx_hal_gpio.o
LOAD Drivers/STM32F4xx_HAL_Driver/Src/stm32f4xx_hal_i2c.o
LOAD Drivers/STM32F4xx_HAL_Driver/Src/stm32f4xx_hal_i2c_ex.o
LOAD Drivers/STM32F4xx_HAL_Driver/Src/stm32f4xx_hal_pcd.o
LOAD Drivers/STM32F4xx_HAL_Driver/Src/stm32f4xx_hal_pcd_ex.o
LOAD Drivers/STM32F4xx_HAL_Driver/Src/stm32f4xx_hal_pwr.o
LOAD Drivers/STM32F4xx_HAL_Driver/Src/stm32f4xx_hal_pwr_ex.o
LOAD Drivers/STM32F4xx_HAL_Driver/Src/stm32f4xx_hal_rcc.o
LOAD Drivers/STM32F4xx_HAL_Driver/Src/stm32f4xx_hal_rcc_ex.o
LOAD Drivers/STM32F4xx_HAL_Driver/Src/stm32f4xx_hal_spi.o
LOAD Drivers/STM32F4xx_HAL_Driver/Src/stm32f4xx_hal_tim.o
LOAD Drivers/STM32F4xx_HAL_Driver/Src/stm32f4xx_hal_tim_ex.o
LOAD Drivers/STM32F4xx_HAL_Driver/Src/stm32f4xx_hal_uart.o
LOAD Drivers/STM32F4xx_HAL_Driver/Src/stm32f4xx_ll_usb.o
LOAD Src/C_TO.o
LOAD Src/Wheel.o
LOAD Src/main.o
LOAD Src/stm32f4xx_hal_msp.o
LOAD Src/stm32f4xx_it.o
LOAD Src/syscalls.o
LOAD Src/sysmem.o
LOAD Src/system_stm32f4xx.o
LOAD Startup/startup_stm32f405rgtx.o
START GROUP
LOAD /opt/stm32cubeide/plugins/com.st.stm32cube.ide.mcu.externaltools.gnu-tools-for-stm32.7-2018-q2-update.linux64_1.0.0.201904181610/tools/bin/../lib/gcc/arm-none-eabi/7.3.1/../../../../arm-none-eabi/lib/thumb/v7e-m/fpv4-sp/hard/libstdc++_nano.a
LOAD /opt/stm32cubeide/plugins/com.st.stm32cube.ide.mcu.externaltools.gnu-tools-for-stm32.7-2018-q2-update.linux64_1.0.0.201904181610/tools/bin/../lib/gcc/arm-none-eabi/7.3.1/../../../../arm-none-eabi/lib/thumb/v7e-m/fpv4-sp/hard/libsupc++_nano.a
END GROUP
LOAD /opt/stm32cubeide/plugins/com.st.stm32cube.ide.mcu.externaltools.gnu-tools-for-stm32.7-2018-q2-update.linux64_1.0.0.201904181610/tools/bin/../lib/gcc/arm-none-eabi/7.3.1/../../../../arm-none-eabi/lib/thumb/v7e-m/fpv4-sp/hard/libstdc++_nano.a
LOAD /opt/stm32cubeide/plugins/com.st.stm32cube.ide.mcu.externaltools.gnu-tools-for-stm32.7-2018-q2-update.linux64_1.0.0.201904181610/tools/bin/../lib/gcc/arm-none-eabi/7.3.1/../../../../arm-none-eabi/lib/thumb/v7e-m/fpv4-sp/hard/libm.a
LOAD /opt/stm32cubeide/plugins/com.st.stm32cube.ide.mcu.externaltools.gnu-tools-for-stm32.7-2018-q2-update.linux64_1.0.0.201904181610/tools/bin/../lib/gcc/arm-none-eabi/7.3.1/../../../../arm-none-eabi/lib/thumb/v7e-m/fpv4-sp/hard/libc_nano.a
START GROUP
LOAD /opt/stm32cubeide/plugins/com.st.stm32cube.ide.mcu.externaltools.gnu-tools-for-stm32.7-2018-q2-update.linux64_1.0.0.201904181610/tools/bin/../lib/gcc/arm-none-eabi/7.3.1/thumb/v7e-m/fpv4-sp/hard/libgcc.a
LOAD /opt/stm32cubeide/plugins/com.st.stm32cube.ide.mcu.externaltools.gnu-tools-for-stm32.7-2018-q2-update.linux64_1.0.0.201904181610/tools/bin/../lib/gcc/arm-none-eabi/7.3.1/../../../../arm-none-eabi/lib/thumb/v7e-m/fpv4-sp/hard/libc_nano.a
END GROUP
START GROUP
LOAD /opt/stm32cubeide/plugins/com.st.stm32cube.ide.mcu.externaltools.gnu-tools-for-stm32.7-2018-q2-update.linux64_1.0.0.201904181610/tools/bin/../lib/gcc/arm-none-eabi/7.3.1/thumb/v7e-m/fpv4-sp/hard/libgcc.a
LOAD /opt/stm32cubeide/plugins/com.st.stm32cube.ide.mcu.externaltools.gnu-tools-for-stm32.7-2018-q2-update.linux64_1.0.0.201904181610/tools/bin/../lib/gcc/arm-none-eabi/7.3.1/../../../../arm-none-eabi/lib/thumb/v7e-m/fpv4-sp/hard/libc_nano.a
END GROUP
LOAD /opt/stm32cubeide/plugins/com.st.stm32cube.ide.mcu.externaltools.gnu-tools-for-stm32.7-2018-q2-update.linux64_1.0.0.201904181610/tools/bin/../lib/gcc/arm-none-eabi/7.3.1/thumb/v7e-m/fpv4-sp/hard/crtend.o
LOAD /opt/stm32cubeide/plugins/com.st.stm32cube.ide.mcu.externaltools.gnu-tools-for-stm32.7-2018-q2-update.linux64_1.0.0.201904181610/tools/bin/../lib/gcc/arm-none-eabi/7.3.1/thumb/v7e-m/fpv4-sp/hard/crtn.o
                0x0000000020020000                _estack = (ORIGIN (RAM) + LENGTH (RAM))
                0x0000000000000200                _Min_Heap_Size = 0x200
                0x0000000000000400                _Min_Stack_Size = 0x400

.isr_vector     0x0000000008000000      0x188
                0x0000000008000000                . = ALIGN (0x4)
 *(.isr_vector)
 .isr_vector    0x0000000008000000      0x188 Startup/startup_stm32f405rgtx.o
                0x0000000008000000                g_pfnVectors
                0x0000000008000188                . = ALIGN (0x4)

.text           0x0000000008000188     0xcc08
                0x0000000008000188                . = ALIGN (0x4)
 *(.text)
 .text          0x0000000008000188       0x40 /opt/stm32cubeide/plugins/com.st.stm32cube.ide.mcu.externaltools.gnu-tools-for-stm32.7-2018-q2-update.linux64_1.0.0.201904181610/tools/bin/../lib/gcc/arm-none-eabi/7.3.1/thumb/v7e-m/fpv4-sp/hard/crtbegin.o
 .text          0x00000000080001c8       0x10 /opt/stm32cubeide/plugins/com.st.stm32cube.ide.mcu.externaltools.gnu-tools-for-stm32.7-2018-q2-update.linux64_1.0.0.201904181610/tools/bin/../lib/gcc/arm-none-eabi/7.3.1/../../../../arm-none-eabi/lib/thumb/v7e-m/fpv4-sp/hard/libc_nano.a(lib_a-strlen.o)
                0x00000000080001c8                strlen
 .text          0x00000000080001d8      0x378 /opt/stm32cubeide/plugins/com.st.stm32cube.ide.mcu.externaltools.gnu-tools-for-stm32.7-2018-q2-update.linux64_1.0.0.201904181610/tools/bin/../lib/gcc/arm-none-eabi/7.3.1/thumb/v7e-m/fpv4-sp/hard/libgcc.a(_arm_addsubdf3.o)
                0x00000000080001d8                __aeabi_drsub
                0x00000000080001e0                __aeabi_dsub
                0x00000000080001e0                __subdf3
                0x00000000080001e4                __adddf3
                0x00000000080001e4                __aeabi_dadd
                0x000000000800045c                __aeabi_ui2d
                0x000000000800045c                __floatunsidf
                0x000000000800047c                __floatsidf
                0x000000000800047c                __aeabi_i2d
                0x00000000080004a0                __extendsfdf2
                0x00000000080004a0                __aeabi_f2d
                0x00000000080004e4                __aeabi_ul2d
                0x00000000080004e4                __floatundidf
                0x00000000080004f4                __floatdidf
                0x00000000080004f4                __aeabi_l2d
 .text          0x0000000008000550      0x424 /opt/stm32cubeide/plugins/com.st.stm32cube.ide.mcu.externaltools.gnu-tools-for-stm32.7-2018-q2-update.linux64_1.0.0.201904181610/tools/bin/../lib/gcc/arm-none-eabi/7.3.1/thumb/v7e-m/fpv4-sp/hard/libgcc.a(_arm_muldivdf3.o)
                0x0000000008000550                __aeabi_dmul
                0x0000000008000550                __muldf3
                0x00000000080007a4                __aeabi_ddiv
                0x00000000080007a4                __divdf3
 .text          0x0000000008000974      0x110 /opt/stm32cubeide/plugins/com.st.stm32cube.ide.mcu.externaltools.gnu-tools-for-stm32.7-2018-q2-update.linux64_1.0.0.201904181610/tools/bin/../lib/gcc/arm-none-eabi/7.3.1/thumb/v7e-m/fpv4-sp/hard/libgcc.a(_arm_cmpdf2.o)
                0x0000000008000974                __gtdf2
                0x0000000008000974                __gedf2
                0x000000000800097c                __ltdf2
                0x000000000800097c                __ledf2
                0x0000000008000984                __cmpdf2
                0x0000000008000984                __eqdf2
                0x0000000008000984                __nedf2
                0x0000000008000a00                __aeabi_cdrcmple
                0x0000000008000a10                __aeabi_cdcmple
                0x0000000008000a10                __aeabi_cdcmpeq
                0x0000000008000a20                __aeabi_dcmpeq
                0x0000000008000a34                __aeabi_dcmplt
                0x0000000008000a48                __aeabi_dcmple
                0x0000000008000a5c                __aeabi_dcmpge
                0x0000000008000a70                __aeabi_dcmpgt
 .text          0x0000000008000a84       0x2c /opt/stm32cubeide/plugins/com.st.stm32cube.ide.mcu.externaltools.gnu-tools-for-stm32.7-2018-q2-update.linux64_1.0.0.201904181610/tools/bin/../lib/gcc/arm-none-eabi/7.3.1/thumb/v7e-m/fpv4-sp/hard/libgcc.a(_arm_unorddf2.o)
                0x0000000008000a84                __aeabi_dcmpun
                0x0000000008000a84                __unorddf2
 .text          0x0000000008000ab0       0x50 /opt/stm32cubeide/plugins/com.st.stm32cube.ide.mcu.externaltools.gnu-tools-for-stm32.7-2018-q2-update.linux64_1.0.0.201904181610/tools/bin/../lib/gcc/arm-none-eabi/7.3.1/thumb/v7e-m/fpv4-sp/hard/libgcc.a(_arm_fixdfsi.o)
                0x0000000008000ab0                __fixdfsi
                0x0000000008000ab0                __aeabi_d2iz
 .text          0x0000000008000b00       0x40 /opt/stm32cubeide/plugins/com.st.stm32cube.ide.mcu.externaltools.gnu-tools-for-stm32.7-2018-q2-update.linux64_1.0.0.201904181610/tools/bin/../lib/gcc/arm-none-eabi/7.3.1/thumb/v7e-m/fpv4-sp/hard/libgcc.a(_arm_fixunsdfsi.o)
                0x0000000008000b00                __fixunsdfsi
                0x0000000008000b00                __aeabi_d2uiz
 .text          0x0000000008000b40       0x30 /opt/stm32cubeide/plugins/com.st.stm32cube.ide.mcu.externaltools.gnu-tools-for-stm32.7-2018-q2-update.linux64_1.0.0.201904181610/tools/bin/../lib/gcc/arm-none-eabi/7.3.1/thumb/v7e-m/fpv4-sp/hard/libgcc.a(_aeabi_uldivmod.o)
                0x0000000008000b40                __aeabi_uldivmod
 .text          0x0000000008000b70      0x2cc /opt/stm32cubeide/plugins/com.st.stm32cube.ide.mcu.externaltools.gnu-tools-for-stm32.7-2018-q2-update.linux64_1.0.0.201904181610/tools/bin/../lib/gcc/arm-none-eabi/7.3.1/thumb/v7e-m/fpv4-sp/hard/libgcc.a(_udivmoddi4.o)
                0x0000000008000b70                __udivmoddi4
 .text          0x0000000008000e3c        0x4 /opt/stm32cubeide/plugins/com.st.stm32cube.ide.mcu.externaltools.gnu-tools-for-stm32.7-2018-q2-update.linux64_1.0.0.201904181610/tools/bin/../lib/gcc/arm-none-eabi/7.3.1/thumb/v7e-m/fpv4-sp/hard/libgcc.a(_dvmd_tls.o)
                0x0000000008000e3c                __aeabi_ldiv0
                0x0000000008000e3c                __aeabi_idiv0
 *(.text*)
 .text.HAL_Init
                0x0000000008000e40       0x44 Drivers/STM32F4xx_HAL_Driver/Src/stm32f4xx_hal.o
                0x0000000008000e40                HAL_Init
 .text.HAL_InitTick
                0x0000000008000e84       0x60 Drivers/STM32F4xx_HAL_Driver/Src/stm32f4xx_hal.o
                0x0000000008000e84                HAL_InitTick
 .text.HAL_IncTick
                0x0000000008000ee4       0x28 Drivers/STM32F4xx_HAL_Driver/Src/stm32f4xx_hal.o
                0x0000000008000ee4                HAL_IncTick
 .text.HAL_GetTick
                0x0000000008000f0c       0x18 Drivers/STM32F4xx_HAL_Driver/Src/stm32f4xx_hal.o
                0x0000000008000f0c                HAL_GetTick
 .text.HAL_Delay
                0x0000000008000f24       0x44 Drivers/STM32F4xx_HAL_Driver/Src/stm32f4xx_hal.o
                0x0000000008000f24                HAL_Delay
 .text.__NVIC_SetPriorityGrouping
                0x0000000008000f68       0x48 Drivers/STM32F4xx_HAL_Driver/Src/stm32f4xx_hal_cortex.o
 .text.__NVIC_GetPriorityGrouping
                0x0000000008000fb0       0x1c Drivers/STM32F4xx_HAL_Driver/Src/stm32f4xx_hal_cortex.o
 .text.__NVIC_EnableIRQ
                0x0000000008000fcc       0x3c Drivers/STM32F4xx_HAL_Driver/Src/stm32f4xx_hal_cortex.o
 .text.__NVIC_SetPriority
                0x0000000008001008       0x54 Drivers/STM32F4xx_HAL_Driver/Src/stm32f4xx_hal_cortex.o
 .text.NVIC_EncodePriority
                0x000000000800105c       0x66 Drivers/STM32F4xx_HAL_Driver/Src/stm32f4xx_hal_cortex.o
 *fill*         0x00000000080010c2        0x2 
 .text.SysTick_Config
                0x00000000080010c4       0x44 Drivers/STM32F4xx_HAL_Driver/Src/stm32f4xx_hal_cortex.o
 .text.HAL_NVIC_SetPriorityGrouping
                0x0000000008001108       0x16 Drivers/STM32F4xx_HAL_Driver/Src/stm32f4xx_hal_cortex.o
                0x0000000008001108                HAL_NVIC_SetPriorityGrouping
 .text.HAL_NVIC_SetPriority
                0x000000000800111e       0x38 Drivers/STM32F4xx_HAL_Driver/Src/stm32f4xx_hal_cortex.o
                0x000000000800111e                HAL_NVIC_SetPriority
 .text.HAL_NVIC_EnableIRQ
                0x0000000008001156       0x1c Drivers/STM32F4xx_HAL_Driver/Src/stm32f4xx_hal_cortex.o
                0x0000000008001156                HAL_NVIC_EnableIRQ
 .text.HAL_SYSTICK_Config
                0x0000000008001172       0x18 Drivers/STM32F4xx_HAL_Driver/Src/stm32f4xx_hal_cortex.o
                0x0000000008001172                HAL_SYSTICK_Config
 *fill*         0x000000000800118a        0x2 
 .text.HAL_DMA_Init
                0x000000000800118c      0x15c Drivers/STM32F4xx_HAL_Driver/Src/stm32f4xx_hal_dma.o
                0x000000000800118c                HAL_DMA_Init
 .text.HAL_DMA_Start_IT
                0x00000000080012e8       0xb0 Drivers/STM32F4xx_HAL_Driver/Src/stm32f4xx_hal_dma.o
                0x00000000080012e8                HAL_DMA_Start_IT
 .text.HAL_DMA_Abort_IT
                0x0000000008001398       0x44 Drivers/STM32F4xx_HAL_Driver/Src/stm32f4xx_hal_dma.o
                0x0000000008001398                HAL_DMA_Abort_IT
 .text.HAL_DMA_IRQHandler
                0x00000000080013dc      0x314 Drivers/STM32F4xx_HAL_Driver/Src/stm32f4xx_hal_dma.o
                0x00000000080013dc                HAL_DMA_IRQHandler
 .text.DMA_SetConfig
                0x00000000080016f0       0x5c Drivers/STM32F4xx_HAL_Driver/Src/stm32f4xx_hal_dma.o
 .text.DMA_CalcBaseAndBitshift
                0x000000000800174c       0x6c Drivers/STM32F4xx_HAL_Driver/Src/stm32f4xx_hal_dma.o
 .text.DMA_CheckFifoParam
                0x00000000080017b8       0xf4 Drivers/STM32F4xx_HAL_Driver/Src/stm32f4xx_hal_dma.o
 .text.HAL_GPIO_Init
                0x00000000080018ac      0x334 Drivers/STM32F4xx_HAL_Driver/Src/stm32f4xx_hal_gpio.o
                0x00000000080018ac                HAL_GPIO_Init
 .text.HAL_GPIO_WritePin
                0x0000000008001be0       0x32 Drivers/STM32F4xx_HAL_Driver/Src/stm32f4xx_hal_gpio.o
                0x0000000008001be0                HAL_GPIO_WritePin
 *fill*         0x0000000008001c12        0x2 
 .text.HAL_I2C_Init
                0x0000000008001c14      0x270 Drivers/STM32F4xx_HAL_Driver/Src/stm32f4xx_hal_i2c.o
                0x0000000008001c14                HAL_I2C_Init
 .text.HAL_PCD_Init
                0x0000000008001e84      0x23a Drivers/STM32F4xx_HAL_Driver/Src/stm32f4xx_hal_pcd.o
                0x0000000008001e84                HAL_PCD_Init
 *fill*         0x00000000080020be        0x2 
 .text.HAL_RCC_OscConfig
                0x00000000080020c0      0x4e0 Drivers/STM32F4xx_HAL_Driver/Src/stm32f4xx_hal_rcc.o
                0x00000000080020c0                HAL_RCC_OscConfig
 .text.HAL_RCC_ClockConfig
                0x00000000080025a0      0x1cc Drivers/STM32F4xx_HAL_Driver/Src/stm32f4xx_hal_rcc.o
                0x00000000080025a0                HAL_RCC_ClockConfig
 .text.HAL_RCC_GetSysClockFreq
                0x000000000800276c      0x164 Drivers/STM32F4xx_HAL_Driver/Src/stm32f4xx_hal_rcc.o
                0x000000000800276c                HAL_RCC_GetSysClockFreq
 .text.HAL_RCC_GetHCLKFreq
                0x00000000080028d0       0x18 Drivers/STM32F4xx_HAL_Driver/Src/stm32f4xx_hal_rcc.o
                0x00000000080028d0                HAL_RCC_GetHCLKFreq
 .text.HAL_RCC_GetPCLK1Freq
                0x00000000080028e8       0x28 Drivers/STM32F4xx_HAL_Driver/Src/stm32f4xx_hal_rcc.o
                0x00000000080028e8                HAL_RCC_GetPCLK1Freq
 .text.HAL_RCC_GetPCLK2Freq
                0x0000000008002910       0x28 Drivers/STM32F4xx_HAL_Driver/Src/stm32f4xx_hal_rcc.o
                0x0000000008002910                HAL_RCC_GetPCLK2Freq
 .text.HAL_SPI_Init
                0x0000000008002938       0xc8 Drivers/STM32F4xx_HAL_Driver/Src/stm32f4xx_hal_spi.o
                0x0000000008002938                HAL_SPI_Init
 .text.HAL_TIM_Base_Init
                0x0000000008002a00       0x56 Drivers/STM32F4xx_HAL_Driver/Src/stm32f4xx_hal_tim.o
                0x0000000008002a00                HAL_TIM_Base_Init
 .text.HAL_TIM_Base_Start_IT
                0x0000000008002a56       0x48 Drivers/STM32F4xx_HAL_Driver/Src/stm32f4xx_hal_tim.o
                0x0000000008002a56                HAL_TIM_Base_Start_IT
 .text.HAL_TIM_PWM_Init
                0x0000000008002a9e       0x56 Drivers/STM32F4xx_HAL_Driver/Src/stm32f4xx_hal_tim.o
                0x0000000008002a9e                HAL_TIM_PWM_Init
 .text.HAL_TIM_PWM_MspInit
                0x0000000008002af4       0x14 Drivers/STM32F4xx_HAL_Driver/Src/stm32f4xx_hal_tim.o
                0x0000000008002af4                HAL_TIM_PWM_MspInit
 .text.HAL_TIM_PWM_Start
                0x0000000008002b08       0x7c Drivers/STM32F4xx_HAL_Driver/Src/stm32f4xx_hal_tim.o
                0x0000000008002b08                HAL_TIM_PWM_Start
 .text.HAL_TIM_Encoder_Init
                0x0000000008002b84      0x124 Drivers/STM32F4xx_HAL_Driver/Src/stm32f4xx_hal_tim.o
                0x0000000008002b84                HAL_TIM_Encoder_Init
 .text.HAL_TIM_Encoder_Start
                0x0000000008002ca8       0x6e Drivers/STM32F4xx_HAL_Driver/Src/stm32f4xx_hal_tim.o
                0x0000000008002ca8                HAL_TIM_Encoder_Start
 .text.HAL_TIM_IRQHandler
                0x0000000008002d16      0x210 Drivers/STM32F4xx_HAL_Driver/Src/stm32f4xx_hal_tim.o
                0x0000000008002d16                HAL_TIM_IRQHandler
 *fill*         0x0000000008002f26        0x2 
 .text.HAL_TIM_PWM_ConfigChannel
                0x0000000008002f28      0x18c Drivers/STM32F4xx_HAL_Driver/Src/stm32f4xx_hal_tim.o
                0x0000000008002f28                HAL_TIM_PWM_ConfigChannel
 .text.HAL_TIM_ConfigClockSource
                0x00000000080030b4      0x16e Drivers/STM32F4xx_HAL_Driver/Src/stm32f4xx_hal_tim.o
                0x00000000080030b4                HAL_TIM_ConfigClockSource
 .text.HAL_TIM_OC_DelayElapsedCallback
                0x0000000008003222       0x14 Drivers/STM32F4xx_HAL_Driver/Src/stm32f4xx_hal_tim.o
                0x0000000008003222                HAL_TIM_OC_DelayElapsedCallback
 .text.HAL_TIM_IC_CaptureCallback
                0x0000000008003236       0x14 Drivers/STM32F4xx_HAL_Driver/Src/stm32f4xx_hal_tim.o
                0x0000000008003236                HAL_TIM_IC_CaptureCallback
 .text.HAL_TIM_PWM_PulseFinishedCallback
                0x000000000800324a       0x14 Drivers/STM32F4xx_HAL_Driver/Src/stm32f4xx_hal_tim.o
                0x000000000800324a                HAL_TIM_PWM_PulseFinishedCallback
 .text.HAL_TIM_TriggerCallback
                0x000000000800325e       0x14 Drivers/STM32F4xx_HAL_Driver/Src/stm32f4xx_hal_tim.o
                0x000000000800325e                HAL_TIM_TriggerCallback
 *fill*         0x0000000008003272        0x2 
 .text.TIM_Base_SetConfig
                0x0000000008003274      0x140 Drivers/STM32F4xx_HAL_Driver/Src/stm32f4xx_hal_tim.o
                0x0000000008003274                TIM_Base_SetConfig
 .text.TIM_OC1_SetConfig
                0x00000000080033b4       0xe0 Drivers/STM32F4xx_HAL_Driver/Src/stm32f4xx_hal_tim.o
 .text.TIM_OC2_SetConfig
                0x0000000008003494       0xec Drivers/STM32F4xx_HAL_Driver/Src/stm32f4xx_hal_tim.o
                0x0000000008003494                TIM_OC2_SetConfig
 .text.TIM_OC3_SetConfig
                0x0000000008003580       0xe8 Drivers/STM32F4xx_HAL_Driver/Src/stm32f4xx_hal_tim.o
 .text.TIM_OC4_SetConfig
                0x0000000008003668       0xac Drivers/STM32F4xx_HAL_Driver/Src/stm32f4xx_hal_tim.o
 .text.TIM_TI1_ConfigInputStage
                0x0000000008003714       0x5e Drivers/STM32F4xx_HAL_Driver/Src/stm32f4xx_hal_tim.o
 .text.TIM_TI2_ConfigInputStage
                0x0000000008003772       0x60 Drivers/STM32F4xx_HAL_Driver/Src/stm32f4xx_hal_tim.o
 .text.TIM_ITRx_SetConfig
                0x00000000080037d2       0x36 Drivers/STM32F4xx_HAL_Driver/Src/stm32f4xx_hal_tim.o
 .text.TIM_ETR_SetConfig
                0x0000000008003808       0x40 Drivers/STM32F4xx_HAL_Driver/Src/stm32f4xx_hal_tim.o
                0x0000000008003808                TIM_ETR_SetConfig
 .text.TIM_CCxChannelCmd
                0x0000000008003848       0x4a Drivers/STM32F4xx_HAL_Driver/Src/stm32f4xx_hal_tim.o
                0x0000000008003848                TIM_CCxChannelCmd
 *fill*         0x0000000008003892        0x2 
 .text.HAL_TIMEx_MasterConfigSynchronization
                0x0000000008003894       0xf8 Drivers/STM32F4xx_HAL_Driver/Src/stm32f4xx_hal_tim_ex.o
                0x0000000008003894                HAL_TIMEx_MasterConfigSynchronization
 .text.HAL_TIMEx_ConfigBreakDeadTime
                0x000000000800398c       0xa4 Drivers/STM32F4xx_HAL_Driver/Src/stm32f4xx_hal_tim_ex.o
                0x000000000800398c                HAL_TIMEx_ConfigBreakDeadTime
 .text.HAL_TIMEx_CommutCallback
                0x0000000008003a30       0x14 Drivers/STM32F4xx_HAL_Driver/Src/stm32f4xx_hal_tim_ex.o
                0x0000000008003a30                HAL_TIMEx_CommutCallback
 .text.HAL_TIMEx_BreakCallback
                0x0000000008003a44       0x14 Drivers/STM32F4xx_HAL_Driver/Src/stm32f4xx_hal_tim_ex.o
                0x0000000008003a44                HAL_TIMEx_BreakCallback
 .text.HAL_UART_Init
                0x0000000008003a58       0x9a Drivers/STM32F4xx_HAL_Driver/Src/stm32f4xx_hal_uart.o
                0x0000000008003a58                HAL_UART_Init
 *fill*         0x0000000008003af2        0x2 
 .text.HAL_UART_Transmit_DMA
                0x0000000008003af4       0xd8 Drivers/STM32F4xx_HAL_Driver/Src/stm32f4xx_hal_uart.o
                0x0000000008003af4                HAL_UART_Transmit_DMA
 .text.HAL_UART_Receive_DMA
                0x0000000008003bcc      0x100 Drivers/STM32F4xx_HAL_Driver/Src/stm32f4xx_hal_uart.o
                0x0000000008003bcc                HAL_UART_Receive_DMA
 .text.HAL_UART_IRQHandler
                0x0000000008003ccc      0x200 Drivers/STM32F4xx_HAL_Driver/Src/stm32f4xx_hal_uart.o
                0x0000000008003ccc                HAL_UART_IRQHandler
 .text.HAL_UART_TxHalfCpltCallback
                0x0000000008003ecc       0x14 Drivers/STM32F4xx_HAL_Driver/Src/stm32f4xx_hal_uart.o
                0x0000000008003ecc                HAL_UART_TxHalfCpltCallback
 .text.HAL_UART_RxHalfCpltCallback
                0x0000000008003ee0       0x14 Drivers/STM32F4xx_HAL_Driver/Src/stm32f4xx_hal_uart.o
                0x0000000008003ee0                HAL_UART_RxHalfCpltCallback
 .text.HAL_UART_ErrorCallback
                0x0000000008003ef4       0x14 Drivers/STM32F4xx_HAL_Driver/Src/stm32f4xx_hal_uart.o
                0x0000000008003ef4                HAL_UART_ErrorCallback
 .text.UART_DMATransmitCplt
                0x0000000008003f08       0x52 Drivers/STM32F4xx_HAL_Driver/Src/stm32f4xx_hal_uart.o
 .text.UART_DMATxHalfCplt
                0x0000000008003f5a       0x1c Drivers/STM32F4xx_HAL_Driver/Src/stm32f4xx_hal_uart.o
 .text.UART_DMAReceiveCplt
                0x0000000008003f76       0x68 Drivers/STM32F4xx_HAL_Driver/Src/stm32f4xx_hal_uart.o
 .text.UART_DMARxHalfCplt
                0x0000000008003fde       0x1c Drivers/STM32F4xx_HAL_Driver/Src/stm32f4xx_hal_uart.o
 .text.UART_DMAError
                0x0000000008003ffa       0x94 Drivers/STM32F4xx_HAL_Driver/Src/stm32f4xx_hal_uart.o
 .text.UART_EndTxTransfer
                0x000000000800408e       0x2c Drivers/STM32F4xx_HAL_Driver/Src/stm32f4xx_hal_uart.o
 .text.UART_EndRxTransfer
                0x00000000080040ba       0x3c Drivers/STM32F4xx_HAL_Driver/Src/stm32f4xx_hal_uart.o
 .text.UART_DMAAbortOnError
                0x00000000080040f6       0x28 Drivers/STM32F4xx_HAL_Driver/Src/stm32f4xx_hal_uart.o
 .text.UART_Transmit_IT
                0x000000000800411e       0xac Drivers/STM32F4xx_HAL_Driver/Src/stm32f4xx_hal_uart.o
 .text.UART_EndTransmit_IT
                0x00000000080041ca       0x30 Drivers/STM32F4xx_HAL_Driver/Src/stm32f4xx_hal_uart.o
 .text.UART_Receive_IT
                0x00000000080041fa      0x102 Drivers/STM32F4xx_HAL_Driver/Src/stm32f4xx_hal_uart.o
 .text.UART_SetConfig
                0x00000000080042fc      0x6f8 Drivers/STM32F4xx_HAL_Driver/Src/stm32f4xx_hal_uart.o
 .text.USB_CoreInit
                0x00000000080049f4       0xc2 Drivers/STM32F4xx_HAL_Driver/Src/stm32f4xx_ll_usb.o
                0x00000000080049f4                USB_CoreInit
 .text.USB_DisableGlobalInt
                0x0000000008004ab6       0x22 Drivers/STM32F4xx_HAL_Driver/Src/stm32f4xx_ll_usb.o
                0x0000000008004ab6                USB_DisableGlobalInt
 .text.USB_SetCurrentMode
                0x0000000008004ad8       0x54 Drivers/STM32F4xx_HAL_Driver/Src/stm32f4xx_ll_usb.o
                0x0000000008004ad8                USB_SetCurrentMode
 .text.USB_DevInit
                0x0000000008004b2c      0x2c8 Drivers/STM32F4xx_HAL_Driver/Src/stm32f4xx_ll_usb.o
                0x0000000008004b2c                USB_DevInit
 .text.USB_FlushTxFifo
                0x0000000008004df4       0x4c Drivers/STM32F4xx_HAL_Driver/Src/stm32f4xx_ll_usb.o
                0x0000000008004df4                USB_FlushTxFifo
 .text.USB_FlushRxFifo
                0x0000000008004e40       0x44 Drivers/STM32F4xx_HAL_Driver/Src/stm32f4xx_ll_usb.o
                0x0000000008004e40                USB_FlushRxFifo
 .text.USB_SetDevSpeed
                0x0000000008004e84       0x32 Drivers/STM32F4xx_HAL_Driver/Src/stm32f4xx_ll_usb.o
                0x0000000008004e84                USB_SetDevSpeed
 .text.USB_DevDisconnect
                0x0000000008004eb6       0x30 Drivers/STM32F4xx_HAL_Driver/Src/stm32f4xx_ll_usb.o
                0x0000000008004eb6                USB_DevDisconnect
 *fill*         0x0000000008004ee6        0x2 
 .text.USB_CoreReset
                0x0000000008004ee8       0x68 Drivers/STM32F4xx_HAL_Driver/Src/stm32f4xx_ll_usb.o
 .text._ZN3ros4TimeC2Ev
                0x0000000008004f50       0x22 Src/C_TO.o
                0x0000000008004f50                ros::Time::Time()
                0x0000000008004f50                ros::Time::Time()
 *fill*         0x0000000008004f72        0x2 
 .text._ZN3ros3MsgC2Ev
                0x0000000008004f74       0x20 Src/C_TO.o
                0x0000000008004f74                ros::Msg::Msg()
                0x0000000008004f74                ros::Msg::Msg()
 .text._ZN8std_msgs4TimeC2Ev
                0x0000000008004f94       0x30 Src/C_TO.o
                0x0000000008004f94                std_msgs::Time::Time()
                0x0000000008004f94                std_msgs::Time::Time()
 .text._ZNK8std_msgs4Time9serializeEPh
                0x0000000008004fc4       0xb0 Src/C_TO.o
                0x0000000008004fc4                std_msgs::Time::serialize(unsigned char*) const
 .text._ZN8std_msgs4Time11deserializeEPh
                0x0000000008005074       0xc8 Src/C_TO.o
                0x0000000008005074                std_msgs::Time::deserialize(unsigned char*)
 .text._ZN8std_msgs4Time7getTypeEv
                0x000000000800513c       0x1c Src/C_TO.o
                0x000000000800513c                std_msgs::Time::getType()
 .text._ZN8std_msgs4Time6getMD5Ev
                0x0000000008005158       0x1c Src/C_TO.o
                0x0000000008005158                std_msgs::Time::getMD5()
 .text._ZN14rosserial_msgs9TopicInfoC2Ev
                0x0000000008005174       0x48 Src/C_TO.o
                0x0000000008005174                rosserial_msgs::TopicInfo::TopicInfo()
                0x0000000008005174                rosserial_msgs::TopicInfo::TopicInfo()
 .text._ZNK14rosserial_msgs9TopicInfo9serializeEPh
                0x00000000080051bc      0x136 Src/C_TO.o
                0x00000000080051bc                rosserial_msgs::TopicInfo::serialize(unsigned char*) const
 .text._ZN14rosserial_msgs9TopicInfo11deserializeEPh
                0x00000000080052f2      0x1d0 Src/C_TO.o
                0x00000000080052f2                rosserial_msgs::TopicInfo::deserialize(unsigned char*)
 *fill*         0x00000000080054c2        0x2 
 .text._ZN14rosserial_msgs9TopicInfo7getTypeEv
                0x00000000080054c4       0x1c Src/C_TO.o
                0x00000000080054c4                rosserial_msgs::TopicInfo::getType()
 .text._ZN14rosserial_msgs9TopicInfo6getMD5Ev
                0x00000000080054e0       0x1c Src/C_TO.o
                0x00000000080054e0                rosserial_msgs::TopicInfo::getMD5()
 .text._ZN14rosserial_msgs3LogC2Ev
                0x00000000080054fc       0x34 Src/C_TO.o
                0x00000000080054fc                rosserial_msgs::Log::Log()
                0x00000000080054fc                rosserial_msgs::Log::Log()
 .text._ZNK14rosserial_msgs3Log9serializeEPh
                0x0000000008005530       0x64 Src/C_TO.o
                0x0000000008005530                rosserial_msgs::Log::serialize(unsigned char*) const
 .text._ZN14rosserial_msgs3Log11deserializeEPh
                0x0000000008005594       0x90 Src/C_TO.o
                0x0000000008005594                rosserial_msgs::Log::deserialize(unsigned char*)
 .text._ZN14rosserial_msgs3Log7getTypeEv
                0x0000000008005624       0x1c Src/C_TO.o
                0x0000000008005624                rosserial_msgs::Log::getType()
 .text._ZN14rosserial_msgs3Log6getMD5Ev
                0x0000000008005640       0x1c Src/C_TO.o
                0x0000000008005640                rosserial_msgs::Log::getMD5()
 .text._ZN14rosserial_msgs20RequestParamResponseC2Ev
                0x000000000800565c       0x48 Src/C_TO.o
                0x000000000800565c                rosserial_msgs::RequestParamResponse::RequestParamResponse()
                0x000000000800565c                rosserial_msgs::RequestParamResponse::RequestParamResponse()
 .text._ZNK14rosserial_msgs20RequestParamResponse9serializeEPh
                0x00000000080056a4      0x222 Src/C_TO.o
                0x00000000080056a4                rosserial_msgs::RequestParamResponse::serialize(unsigned char*) const
 .text._ZN14rosserial_msgs20RequestParamResponse11deserializeEPh
                0x00000000080058c6      0x2e2 Src/C_TO.o
                0x00000000080058c6                rosserial_msgs::RequestParamResponse::deserialize(unsigned char*)
 .text._ZN14rosserial_msgs20RequestParamResponse7getTypeEv
                0x0000000008005ba8       0x1c Src/C_TO.o
                0x0000000008005ba8                rosserial_msgs::RequestParamResponse::getType()
 .text._ZN14rosserial_msgs20RequestParamResponse6getMD5Ev
                0x0000000008005bc4       0x1c Src/C_TO.o
                0x0000000008005bc4                rosserial_msgs::RequestParamResponse::getMD5()
 .text._ZN3ros9PublisherC2EPKcPNS_3MsgEi
                0x0000000008005be0       0x2e Src/C_TO.o
                0x0000000008005be0                ros::Publisher::Publisher(char const*, ros::Msg*, int)
                0x0000000008005be0                ros::Publisher::Publisher(char const*, ros::Msg*, int)
 .text._ZN3ros9Publisher7publishEPKNS_3MsgE
                0x0000000008005c0e       0x28 Src/C_TO.o
                0x0000000008005c0e                ros::Publisher::publish(ros::Msg const*)
 .text._ZN3ros9Publisher15getEndpointTypeEv
                0x0000000008005c36       0x18 Src/C_TO.o
                0x0000000008005c36                ros::Publisher::getEndpointType()
 .text._ZN13STM32Hardware10getRdmaIndEv
                0x0000000008005c4e       0x24 Src/C_TO.o
                0x0000000008005c4e                STM32Hardware::getRdmaInd()
 *fill*         0x0000000008005c72        0x2 
 .text._ZN13STM32HardwareC2Ev
                0x0000000008005c74       0x38 Src/C_TO.o
                0x0000000008005c74                STM32Hardware::STM32Hardware()
                0x0000000008005c74                STM32Hardware::STM32Hardware()
 .text._ZN13STM32Hardware4initEv
                0x0000000008005cac       0x16 Src/C_TO.o
                0x0000000008005cac                STM32Hardware::init()
 .text._ZN13STM32Hardware10reset_rbufEv
                0x0000000008005cc2       0x22 Src/C_TO.o
                0x0000000008005cc2                STM32Hardware::reset_rbuf()
 .text._ZN13STM32Hardware4readEv
                0x0000000008005ce4       0x5a Src/C_TO.o
                0x0000000008005ce4                STM32Hardware::read()
 *fill*         0x0000000008005d3e        0x2 
 .text._ZN13STM32Hardware5flushEv
                0x0000000008005d40       0xbc Src/C_TO.o
                0x0000000008005d40                STM32Hardware::flush()
 .text._ZN13STM32Hardware5writeEPhi
                0x0000000008005dfc       0x8c Src/C_TO.o
                0x0000000008005dfc                STM32Hardware::write(unsigned char*, int)
 .text._ZN13STM32Hardware4timeEv
                0x0000000008005e88       0x16 Src/C_TO.o
                0x0000000008005e88                STM32Hardware::time()
 *fill*         0x0000000008005e9e        0x2 
 .text._ZN8std_msgs6HeaderC2Ev
                0x0000000008005ea0       0x40 Src/C_TO.o
                0x0000000008005ea0                std_msgs::Header::Header()
                0x0000000008005ea0                std_msgs::Header::Header()
 .text._ZNK8std_msgs6Header9serializeEPh
                0x0000000008005ee0      0x130 Src/C_TO.o
                0x0000000008005ee0                std_msgs::Header::serialize(unsigned char*) const
 .text._ZN8std_msgs6Header11deserializeEPh
                0x0000000008006010      0x180 Src/C_TO.o
                0x0000000008006010                std_msgs::Header::deserialize(unsigned char*)
 .text._ZN8std_msgs6Header7getTypeEv
                0x0000000008006190       0x1c Src/C_TO.o
                0x0000000008006190                std_msgs::Header::getType()
 .text._ZN8std_msgs6Header6getMD5Ev
                0x00000000080061ac       0x1c Src/C_TO.o
                0x00000000080061ac                std_msgs::Header::getMD5()
 .text._ZN13geometry_msgs5PointC2Ev
                0x00000000080061c8       0x50 Src/C_TO.o
                0x00000000080061c8                geometry_msgs::Point::Point()
                0x00000000080061c8                geometry_msgs::Point::Point()
 .text._ZNK13geometry_msgs5Point9serializeEPh
                0x0000000008006218      0x2e4 Src/C_TO.o
                0x0000000008006218                geometry_msgs::Point::serialize(unsigned char*) const
 .text._ZN13geometry_msgs5Point11deserializeEPh
                0x00000000080064fc      0x524 Src/C_TO.o
                0x00000000080064fc                geometry_msgs::Point::deserialize(unsigned char*)
 .text._ZN13geometry_msgs5Point7getTypeEv
                0x0000000008006a20       0x1c Src/C_TO.o
                0x0000000008006a20                geometry_msgs::Point::getType()
 .text._ZN13geometry_msgs5Point6getMD5Ev
                0x0000000008006a3c       0x1c Src/C_TO.o
                0x0000000008006a3c                geometry_msgs::Point::getMD5()
 .text._ZN13geometry_msgs10QuaternionC2Ev
                0x0000000008006a58       0x5c Src/C_TO.o
                0x0000000008006a58                geometry_msgs::Quaternion::Quaternion()
                0x0000000008006a58                geometry_msgs::Quaternion::Quaternion()
 .text._ZNK13geometry_msgs10Quaternion9serializeEPh
                0x0000000008006ab4      0x3d2 Src/C_TO.o
                0x0000000008006ab4                geometry_msgs::Quaternion::serialize(unsigned char*) const
 .text._ZN13geometry_msgs10Quaternion11deserializeEPh
                0x0000000008006e86      0x6d2 Src/C_TO.o
                0x0000000008006e86                geometry_msgs::Quaternion::deserialize(unsigned char*)
 .text._ZN13geometry_msgs10Quaternion7getTypeEv
                0x0000000008007558       0x1c Src/C_TO.o
                0x0000000008007558                geometry_msgs::Quaternion::getType()
 .text._ZN13geometry_msgs10Quaternion6getMD5Ev
                0x0000000008007574       0x1c Src/C_TO.o
                0x0000000008007574                geometry_msgs::Quaternion::getMD5()
 .text._ZN13geometry_msgs4PoseC2Ev
                0x0000000008007590       0x38 Src/C_TO.o
                0x0000000008007590                geometry_msgs::Pose::Pose()
                0x0000000008007590                geometry_msgs::Pose::Pose()
 .text._ZNK13geometry_msgs4Pose9serializeEPh
                0x00000000080075c8       0x4c Src/C_TO.o
                0x00000000080075c8                geometry_msgs::Pose::serialize(unsigned char*) const
 .text._ZN13geometry_msgs4Pose11deserializeEPh
                0x0000000008007614       0x4c Src/C_TO.o
                0x0000000008007614                geometry_msgs::Pose::deserialize(unsigned char*)
 .text._ZN13geometry_msgs4Pose7getTypeEv
                0x0000000008007660       0x1c Src/C_TO.o
                0x0000000008007660                geometry_msgs::Pose::getType()
 .text._ZN13geometry_msgs4Pose6getMD5Ev
                0x000000000800767c       0x1c Src/C_TO.o
                0x000000000800767c                geometry_msgs::Pose::getMD5()
 .text._ZN13geometry_msgs18PoseWithCovarianceC2Ev
                0x0000000008007698       0x4c Src/C_TO.o
                0x0000000008007698                geometry_msgs::PoseWithCovariance::PoseWithCovariance()
                0x0000000008007698                geometry_msgs::PoseWithCovariance::PoseWithCovariance()
 .text._ZNK13geometry_msgs18PoseWithCovariance9serializeEPh
                0x00000000080076e4      0x13a Src/C_TO.o
                0x00000000080076e4                geometry_msgs::PoseWithCovariance::serialize(unsigned char*) const
 .text._ZN13geometry_msgs18PoseWithCovariance11deserializeEPh
                0x000000000800781e      0x1e0 Src/C_TO.o
                0x000000000800781e                geometry_msgs::PoseWithCovariance::deserialize(unsigned char*)
 *fill*         0x00000000080079fe        0x2 
 .text._ZN13geometry_msgs18PoseWithCovariance7getTypeEv
                0x0000000008007a00       0x1c Src/C_TO.o
                0x0000000008007a00                geometry_msgs::PoseWithCovariance::getType()
 .text._ZN13geometry_msgs18PoseWithCovariance6getMD5Ev
                0x0000000008007a1c       0x1c Src/C_TO.o
                0x0000000008007a1c                geometry_msgs::PoseWithCovariance::getMD5()
 .text._ZN13geometry_msgs7Vector3C2Ev
                0x0000000008007a38       0x50 Src/C_TO.o
                0x0000000008007a38                geometry_msgs::Vector3::Vector3()
                0x0000000008007a38                geometry_msgs::Vector3::Vector3()
 .text._ZNK13geometry_msgs7Vector39serializeEPh
                0x0000000008007a88      0x2e4 Src/C_TO.o
                0x0000000008007a88                geometry_msgs::Vector3::serialize(unsigned char*) const
 .text._ZN13geometry_msgs7Vector311deserializeEPh
                0x0000000008007d6c      0x524 Src/C_TO.o
                0x0000000008007d6c                geometry_msgs::Vector3::deserialize(unsigned char*)
 .text._ZN13geometry_msgs7Vector37getTypeEv
                0x0000000008008290       0x1c Src/C_TO.o
                0x0000000008008290                geometry_msgs::Vector3::getType()
 .text._ZN13geometry_msgs7Vector36getMD5Ev
                0x00000000080082ac       0x1c Src/C_TO.o
                0x00000000080082ac                geometry_msgs::Vector3::getMD5()
 .text._ZN13geometry_msgs5TwistC2Ev
                0x00000000080082c8       0x38 Src/C_TO.o
                0x00000000080082c8                geometry_msgs::Twist::Twist()
                0x00000000080082c8                geometry_msgs::Twist::Twist()
 .text._ZNK13geometry_msgs5Twist9serializeEPh
                0x0000000008008300       0x4c Src/C_TO.o
                0x0000000008008300                geometry_msgs::Twist::serialize(unsigned char*) const
 .text._ZN13geometry_msgs5Twist11deserializeEPh
                0x000000000800834c       0x4c Src/C_TO.o
                0x000000000800834c                geometry_msgs::Twist::deserialize(unsigned char*)
 .text._ZN13geometry_msgs5Twist7getTypeEv
                0x0000000008008398       0x1c Src/C_TO.o
                0x0000000008008398                geometry_msgs::Twist::getType()
 .text._ZN13geometry_msgs5Twist6getMD5Ev
                0x00000000080083b4       0x1c Src/C_TO.o
                0x00000000080083b4                geometry_msgs::Twist::getMD5()
 .text._ZN13geometry_msgs19TwistWithCovarianceC2Ev
                0x00000000080083d0       0x4c Src/C_TO.o
                0x00000000080083d0                geometry_msgs::TwistWithCovariance::TwistWithCovariance()
                0x00000000080083d0                geometry_msgs::TwistWithCovariance::TwistWithCovariance()
 .text._ZNK13geometry_msgs19TwistWithCovariance9serializeEPh
                0x000000000800841c      0x13a Src/C_TO.o
                0x000000000800841c                geometry_msgs::TwistWithCovariance::serialize(unsigned char*) const
 .text._ZN13geometry_msgs19TwistWithCovariance11deserializeEPh
                0x0000000008008556      0x1e0 Src/C_TO.o
                0x0000000008008556                geometry_msgs::TwistWithCovariance::deserialize(unsigned char*)
 *fill*         0x0000000008008736        0x2 
 .text._ZN13geometry_msgs19TwistWithCovariance7getTypeEv
                0x0000000008008738       0x1c Src/C_TO.o
                0x0000000008008738                geometry_msgs::TwistWithCovariance::getType()
 .text._ZN13geometry_msgs19TwistWithCovariance6getMD5Ev
                0x0000000008008754       0x1c Src/C_TO.o
                0x0000000008008754                geometry_msgs::TwistWithCovariance::getMD5()
 .text._ZN8nav_msgs8OdometryC2Ev
                0x0000000008008770       0x50 Src/C_TO.o
                0x0000000008008770                nav_msgs::Odometry::Odometry()
                0x0000000008008770                nav_msgs::Odometry::Odometry()
 .text._ZNK8nav_msgs8Odometry9serializeEPh
                0x00000000080087c0       0x9e Src/C_TO.o
                0x00000000080087c0                nav_msgs::Odometry::serialize(unsigned char*) const
 .text._ZN8nav_msgs8Odometry11deserializeEPh
                0x000000000800885e       0xca Src/C_TO.o
                0x000000000800885e                nav_msgs::Odometry::deserialize(unsigned char*)
 .text._ZN8nav_msgs8Odometry7getTypeEv
                0x0000000008008928       0x1c Src/C_TO.o
                0x0000000008008928                nav_msgs::Odometry::getType()
 .text._ZN8nav_msgs8Odometry6getMD5Ev
                0x0000000008008944       0x1c Src/C_TO.o
                0x0000000008008944                nav_msgs::Odometry::getMD5()
 .text._ZN8std_msgs7Float32C2Ev
                0x0000000008008960       0x2c Src/C_TO.o
                0x0000000008008960                std_msgs::Float32::Float32()
                0x0000000008008960                std_msgs::Float32::Float32()
 .text._ZNK8std_msgs7Float329serializeEPh
                0x000000000800898c       0x64 Src/C_TO.o
                0x000000000800898c                std_msgs::Float32::serialize(unsigned char*) const
 .text._ZN8std_msgs7Float3211deserializeEPh
                0x00000000080089f0       0x70 Src/C_TO.o
                0x00000000080089f0                std_msgs::Float32::deserialize(unsigned char*)
 .text._ZN8std_msgs7Float327getTypeEv
                0x0000000008008a60       0x1c Src/C_TO.o
                0x0000000008008a60                std_msgs::Float32::getType()
 .text._ZN8std_msgs7Float326getMD5Ev
                0x0000000008008a7c       0x1c Src/C_TO.o
                0x0000000008008a7c                std_msgs::Float32::getMD5()
 .text.setup    0x0000000008008a98      0x13c Src/C_TO.o
                0x0000000008008a98                setup
 .text.loop     0x0000000008008bd4       0x44 Src/C_TO.o
                0x0000000008008bd4                loop
 .text.HAL_TIM_PeriodElapsedCallback
                0x0000000008008c18       0x44 Src/C_TO.o
                0x0000000008008c18                HAL_TIM_PeriodElapsedCallback
 .text.HAL_UART_TxCpltCallback
                0x0000000008008c5c       0x24 Src/C_TO.o
                0x0000000008008c5c                HAL_UART_TxCpltCallback
 .text.HAL_UART_RxCpltCallback
                0x0000000008008c80       0x24 Src/C_TO.o
                0x0000000008008c80                HAL_UART_RxCpltCallback
 .text._Z13power_wheel_1RKN8std_msgs7Float32E
                0x0000000008008ca4       0x28 Src/C_TO.o
                0x0000000008008ca4                power_wheel_1(std_msgs::Float32 const&)
 .text._Z13power_wheel_2RKN8std_msgs7Float32E
                0x0000000008008ccc       0x28 Src/C_TO.o
                0x0000000008008ccc                power_wheel_2(std_msgs::Float32 const&)
 .text._Z13power_wheel_3RKN8std_msgs7Float32E
                0x0000000008008cf4       0x28 Src/C_TO.o
                0x0000000008008cf4                power_wheel_3(std_msgs::Float32 const&)
 .text._Z13power_wheel_4RKN8std_msgs7Float32E
                0x0000000008008d1c       0x28 Src/C_TO.o
                0x0000000008008d1c                power_wheel_4(std_msgs::Float32 const&)
 .text._ZN3ros3Msg8varToArrIPhmEEvT_T0_
                0x0000000008008d44       0x3c Src/C_TO.o
                0x0000000008008d44                void ros::Msg::varToArr<unsigned char*, unsigned long>(unsigned char*, unsigned long)
 .text._ZN3ros3Msg8arrToVarImPhEEvRT_T0_
                0x0000000008008d80       0x4a Src/C_TO.o
                0x0000000008008d80                void ros::Msg::arrToVar<unsigned long, unsigned char*>(unsigned long&, unsigned char*)
 *fill*         0x0000000008008dca        0x2 
 .text._ZN3ros15NodeHandleBase_C2Ev
                0x0000000008008dcc       0x20 Src/C_TO.o
                0x0000000008008dcc                ros::NodeHandleBase_::NodeHandleBase_()
                0x0000000008008dcc                ros::NodeHandleBase_::NodeHandleBase_()
 .text._ZN3ros11NodeHandle_I13STM32HardwareLi25ELi25ELi512ELi512EEC2Ev
                0x0000000008008dec      0x100 Src/C_TO.o
                0x0000000008008dec                ros::NodeHandle_<STM32Hardware, 25, 25, 512, 512>::NodeHandle_()
                0x0000000008008dec                ros::NodeHandle_<STM32Hardware, 25, 25, 512, 512>::NodeHandle_()
 .text._ZN3ros11Subscriber_C2Ev
                0x0000000008008eec       0x20 Src/C_TO.o
                0x0000000008008eec                ros::Subscriber_::Subscriber_()
                0x0000000008008eec                ros::Subscriber_::Subscriber_()
 .text._ZN3ros10SubscriberIN8std_msgs7Float32EvEC2EPKcPFvRKS2_Ei
                0x0000000008008f0c       0x48 Src/C_TO.o
                0x0000000008008f0c                ros::Subscriber<std_msgs::Float32, void>::Subscriber(char const*, void (*)(std_msgs::Float32 const&), int)
                0x0000000008008f0c                ros::Subscriber<std_msgs::Float32, void>::Subscriber(char const*, void (*)(std_msgs::Float32 const&), int)
 .text._ZN3ros11NodeHandle_I13STM32HardwareLi25ELi25ELi512ELi512EE8initNodeEv
                0x0000000008008f54       0x3a Src/C_TO.o
                0x0000000008008f54                ros::NodeHandle_<STM32Hardware, 25, 25, 512, 512>::initNode()
 .text._ZN3ros11NodeHandle_I13STM32HardwareLi25ELi25ELi512ELi512EE9advertiseERNS_9PublisherE
                0x0000000008008f8e       0x60 Src/C_TO.o
                0x0000000008008f8e                ros::NodeHandle_<STM32Hardware, 25, 25, 512, 512>::advertise(ros::Publisher&)
 .text._ZN3ros11NodeHandle_I13STM32HardwareLi25ELi25ELi512ELi512EE9subscribeINS_10SubscriberIN8std_msgs7Float32EvEEEEbRT_
                0x0000000008008fee       0x56 Src/C_TO.o
                0x0000000008008fee                bool ros::NodeHandle_<STM32Hardware, 25, 25, 512, 512>::subscribe<ros::Subscriber<std_msgs::Float32, void> >(ros::Subscriber<std_msgs::Float32, void>&)
 .text._ZN3ros11NodeHandle_I13STM32HardwareLi25ELi25ELi512ELi512EE8spinOnceEv
                0x0000000008009044      0x3b8 Src/C_TO.o
                0x0000000008009044                ros::NodeHandle_<STM32Hardware, 25, 25, 512, 512>::spinOnce()
 .text._ZN3ros11NodeHandle_I13STM32HardwareLi25ELi25ELi512ELi512EE11getHardwareEv
                0x00000000080093fc       0x18 Src/C_TO.o
                0x00000000080093fc                ros::NodeHandle_<STM32Hardware, 25, 25, 512, 512>::getHardware()
 .text._ZN3ros11NodeHandle_I13STM32HardwareLi25ELi25ELi512ELi512EE15requestSyncTimeEv
                0x0000000008009414       0x3c Src/C_TO.o
                0x0000000008009414                ros::NodeHandle_<STM32Hardware, 25, 25, 512, 512>::requestSyncTime()
 .text._ZN3ros11NodeHandle_I13STM32HardwareLi25ELi25ELi512ELi512EE15negotiateTopicsEv
                0x0000000008009450      0x1be Src/C_TO.o
                0x0000000008009450                ros::NodeHandle_<STM32Hardware, 25, 25, 512, 512>::negotiateTopics()
 *fill*         0x000000000800960e        0x2 
 .text._ZN3ros11NodeHandle_I13STM32HardwareLi25ELi25ELi512ELi512EE8syncTimeEPh
                0x0000000008009610       0x98 Src/C_TO.o
                0x0000000008009610                ros::NodeHandle_<STM32Hardware, 25, 25, 512, 512>::syncTime(unsigned char*)
 .text._ZN3ros11NodeHandle_I13STM32HardwareLi25ELi25ELi512ELi512EE7publishEiPKNS_3MsgE
                0x00000000080096a8      0x124 Src/C_TO.o
                0x00000000080096a8                ros::NodeHandle_<STM32Hardware, 25, 25, 512, 512>::publish(int, ros::Msg const*)
 .text._ZN3ros11NodeHandle_I13STM32HardwareLi25ELi25ELi512ELi512EE6setNowERNS_4TimeE
                0x00000000080097cc       0x6c Src/C_TO.o
                0x00000000080097cc                ros::NodeHandle_<STM32Hardware, 25, 25, 512, 512>::setNow(ros::Time&)
 .text._ZN3ros11NodeHandle_I13STM32HardwareLi25ELi25ELi512ELi512EE8logerrorEPKc
                0x0000000008009838       0x1c Src/C_TO.o
                0x0000000008009838                ros::NodeHandle_<STM32Hardware, 25, 25, 512, 512>::logerror(char const*)
 .text._ZN3ros11NodeHandle_I13STM32HardwareLi25ELi25ELi512ELi512EE3logEcPKc
                0x0000000008009854       0x38 Src/C_TO.o
                0x0000000008009854                ros::NodeHandle_<STM32Hardware, 25, 25, 512, 512>::log(char, char const*)
 .text._Z41__static_initialization_and_destruction_0ii
                0x000000000800988c       0xac Src/C_TO.o
 .text._ZN3ros10SubscriberIN8std_msgs7Float32EvE8callbackEPh
                0x0000000008009938       0x2a Src/C_TO.o
                0x0000000008009938                ros::Subscriber<std_msgs::Float32, void>::callback(unsigned char*)
 .text._ZN3ros10SubscriberIN8std_msgs7Float32EvE15getEndpointTypeEv
                0x0000000008009962       0x18 Src/C_TO.o
                0x0000000008009962                ros::Subscriber<std_msgs::Float32, void>::getEndpointType()
 .text._ZN3ros10SubscriberIN8std_msgs7Float32EvE10getMsgTypeEv
                0x000000000800997a       0x1c Src/C_TO.o
                0x000000000800997a                ros::Subscriber<std_msgs::Float32, void>::getMsgType()
 .text._ZN3ros10SubscriberIN8std_msgs7Float32EvE9getMsgMD5Ev
                0x0000000008009996       0x1c Src/C_TO.o
                0x0000000008009996                ros::Subscriber<std_msgs::Float32, void>::getMsgMD5()
 .text._ZN3ros11NodeHandle_I13STM32HardwareLi25ELi25ELi512ELi512EE9connectedEv
                0x00000000080099b2       0x1a Src/C_TO.o
                0x00000000080099b2                ros::NodeHandle_<STM32Hardware, 25, 25, 512, 512>::connected()
 .text._GLOBAL__sub_I_nh
                0x00000000080099cc       0x10 Src/C_TO.o
 .text._ZN5WheelC2EP17TIM_HandleTypeDefmP12GPIO_TypeDeftS3_tS1_
                0x00000000080099dc       0x56 Src/Wheel.o
                0x00000000080099dc                Wheel::Wheel(TIM_HandleTypeDef*, unsigned long, GPIO_TypeDef*, unsigned short, GPIO_TypeDef*, unsigned short, TIM_HandleTypeDef*)
                0x00000000080099dc                Wheel::Wheel(TIM_HandleTypeDef*, unsigned long, GPIO_TypeDef*, unsigned short, GPIO_TypeDef*, unsigned short, TIM_HandleTypeDef*)
 .text._ZN5Wheel4initEv
                0x0000000008009a32       0x88 Src/Wheel.o
                0x0000000008009a32                Wheel::init()
 .text._ZN5Wheel11elapsed_cntEv
                0x0000000008009aba       0x36 Src/Wheel.o
                0x0000000008009aba                Wheel::elapsed_cnt()
 .text._ZN5Wheel9set_powerEf
                0x0000000008009af0      0x198 Src/Wheel.o
                0x0000000008009af0                Wheel::set_power(float)
 .text._ZN5Wheel7forwardEv
                0x0000000008009c88       0x30 Src/Wheel.o
                0x0000000008009c88                Wheel::forward()
 .text._ZN5Wheel4backEv
                0x0000000008009cb8       0x30 Src/Wheel.o
                0x0000000008009cb8                Wheel::back()
 .text._ZN5Wheel7get_wayEv
                0x0000000008009ce8       0x64 Src/Wheel.o
                0x0000000008009ce8                Wheel::get_way()
 .text.main     0x0000000008009d4c       0x4e Src/main.o
                0x0000000008009d4c                main
 *fill*         0x0000000008009d9a        0x2 
 .text.SystemClock_Config
                0x0000000008009d9c       0xd4 Src/main.o
                0x0000000008009d9c                SystemClock_Config
 .text.MX_I2C1_Init
                0x0000000008009e70       0x5c Src/main.o
 .text.MX_SPI2_Init
                0x0000000008009ecc       0x6c Src/main.o
 .text.MX_TIM2_Init
                0x0000000008009f38       0xa8 Src/main.o
 .text.MX_TIM3_Init
                0x0000000008009fe0       0xa8 Src/main.o
 .text.MX_TIM4_Init
                0x000000000800a088       0xa8 Src/main.o
 .text.MX_TIM5_Init
                0x000000000800a130       0xa8 Src/main.o
 .text.MX_TIM8_Init
                0x000000000800a1d8      0x188 Src/main.o
 .text.MX_UART4_Init
                0x000000000800a360       0x54 Src/main.o
 .text.MX_UART5_Init
                0x000000000800a3b4       0x54 Src/main.o
 .text.MX_USART2_UART_Init
                0x000000000800a408       0x54 Src/main.o
 .text.MX_USART3_UART_Init
                0x000000000800a45c       0x54 Src/main.o
 .text.MX_USB_OTG_FS_PCD_Init
                0x000000000800a4b0       0x5c Src/main.o
 .text.MX_DMA_Init
                0x000000000800a50c       0x50 Src/main.o
 .text.MX_GPIO_Init
                0x000000000800a55c      0x164 Src/main.o
 .text.Error_Handler
                0x000000000800a6c0        0xe Src/main.o
                0x000000000800a6c0                Error_Handler
 *fill*         0x000000000800a6ce        0x2 
 .text.HAL_MspInit
                0x000000000800a6d0       0x50 Src/stm32f4xx_hal_msp.o
                0x000000000800a6d0                HAL_MspInit
 .text.HAL_I2C_MspInit
                0x000000000800a720       0x90 Src/stm32f4xx_hal_msp.o
                0x000000000800a720                HAL_I2C_MspInit
 .text.HAL_SPI_MspInit
                0x000000000800a7b0       0x90 Src/stm32f4xx_hal_msp.o
                0x000000000800a7b0                HAL_SPI_MspInit
 .text.HAL_TIM_Encoder_MspInit
                0x000000000800a840      0x244 Src/stm32f4xx_hal_msp.o
                0x000000000800a840                HAL_TIM_Encoder_MspInit
 .text.HAL_TIM_Base_MspInit
                0x000000000800aa84       0x44 Src/stm32f4xx_hal_msp.o
                0x000000000800aa84                HAL_TIM_Base_MspInit
 .text.HAL_TIM_MspPostInit
                0x000000000800aac8       0x74 Src/stm32f4xx_hal_msp.o
                0x000000000800aac8                HAL_TIM_MspPostInit
 .text.HAL_UART_MspInit
                0x000000000800ab3c      0x2f4 Src/stm32f4xx_hal_msp.o
                0x000000000800ab3c                HAL_UART_MspInit
 .text.HAL_PCD_MspInit
                0x000000000800ae30       0x98 Src/stm32f4xx_hal_msp.o
                0x000000000800ae30                HAL_PCD_MspInit
 .text.NMI_Handler
                0x000000000800aec8        0xe Src/stm32f4xx_it.o
                0x000000000800aec8                NMI_Handler
 .text.HardFault_Handler
                0x000000000800aed6        0x6 Src/stm32f4xx_it.o
                0x000000000800aed6                HardFault_Handler
 .text.MemManage_Handler
                0x000000000800aedc        0x6 Src/stm32f4xx_it.o
                0x000000000800aedc                MemManage_Handler
 .text.BusFault_Handler
                0x000000000800aee2        0x6 Src/stm32f4xx_it.o
                0x000000000800aee2                BusFault_Handler
 .text.UsageFault_Handler
                0x000000000800aee8        0x6 Src/stm32f4xx_it.o
                0x000000000800aee8                UsageFault_Handler
 .text.SVC_Handler
                0x000000000800aeee        0xe Src/stm32f4xx_it.o
                0x000000000800aeee                SVC_Handler
 .text.DebugMon_Handler
                0x000000000800aefc        0xe Src/stm32f4xx_it.o
                0x000000000800aefc                DebugMon_Handler
 .text.PendSV_Handler
                0x000000000800af0a        0xe Src/stm32f4xx_it.o
                0x000000000800af0a                PendSV_Handler
 .text.SysTick_Handler
                0x000000000800af18        0xc Src/stm32f4xx_it.o
                0x000000000800af18                SysTick_Handler
 .text.DMA1_Stream5_IRQHandler
                0x000000000800af24       0x14 Src/stm32f4xx_it.o
                0x000000000800af24                DMA1_Stream5_IRQHandler
 .text.DMA1_Stream6_IRQHandler
                0x000000000800af38       0x14 Src/stm32f4xx_it.o
                0x000000000800af38                DMA1_Stream6_IRQHandler
 .text.TIM2_IRQHandler
                0x000000000800af4c       0x14 Src/stm32f4xx_it.o
                0x000000000800af4c                TIM2_IRQHandler
 .text.TIM3_IRQHandler
                0x000000000800af60       0x14 Src/stm32f4xx_it.o
                0x000000000800af60                TIM3_IRQHandler
 .text.TIM4_IRQHandler
                0x000000000800af74       0x14 Src/stm32f4xx_it.o
                0x000000000800af74                TIM4_IRQHandler
 .text.USART2_IRQHandler
                0x000000000800af88       0x14 Src/stm32f4xx_it.o
                0x000000000800af88                USART2_IRQHandler
 .text.TIM5_IRQHandler
                0x000000000800af9c       0x14 Src/stm32f4xx_it.o
                0x000000000800af9c                TIM5_IRQHandler
 .text._getpid  0x000000000800afb0       0x10 Src/syscalls.o
                0x000000000800afb0                _getpid
 .text._kill    0x000000000800afc0       0x20 Src/syscalls.o
                0x000000000800afc0                _kill
 .text._exit    0x000000000800afe0       0x14 Src/syscalls.o
                0x000000000800afe0                _exit
 .text._sbrk    0x000000000800aff4       0x58 Src/sysmem.o
                0x000000000800aff4                _sbrk
 .text.SystemInit
                0x000000000800b04c       0x2c Src/system_stm32f4xx.o
                0x000000000800b04c                SystemInit
 .text.Reset_Handler
                0x000000000800b078       0x50 Startup/startup_stm32f405rgtx.o
                0x000000000800b078                Reset_Handler
 .text.Default_Handler
                0x000000000800b0c8        0x2 Startup/startup_stm32f405rgtx.o
                0x000000000800b0c8                RTC_Alarm_IRQHandler
                0x000000000800b0c8                HASH_RNG_IRQHandler
                0x000000000800b0c8                EXTI2_IRQHandler
                0x000000000800b0c8                TIM8_CC_IRQHandler
                0x000000000800b0c8                TIM1_CC_IRQHandler
                0x000000000800b0c8                DMA2_Stream5_IRQHandler
                0x000000000800b0c8                PVD_IRQHandler
                0x000000000800b0c8                SDIO_IRQHandler
                0x000000000800b0c8                TAMP_STAMP_IRQHandler
                0x000000000800b0c8                CAN2_RX1_IRQHandler
                0x000000000800b0c8                EXTI3_IRQHandler
                0x000000000800b0c8                TIM8_TRG_COM_TIM14_IRQHandler
                0x000000000800b0c8                TIM1_UP_TIM10_IRQHandler
                0x000000000800b0c8                TIM8_UP_TIM13_IRQHandler
                0x000000000800b0c8                I2C3_ER_IRQHandler
                0x000000000800b0c8                EXTI0_IRQHandler
                0x000000000800b0c8                I2C2_EV_IRQHandler
                0x000000000800b0c8                DMA1_Stream2_IRQHandler
                0x000000000800b0c8                CAN1_RX0_IRQHandler
                0x000000000800b0c8                FPU_IRQHandler
                0x000000000800b0c8                OTG_HS_WKUP_IRQHandler
                0x000000000800b0c8                CAN2_SCE_IRQHandler
                0x000000000800b0c8                DMA2_Stream2_IRQHandler
                0x000000000800b0c8                SPI1_IRQHandler
                0x000000000800b0c8                TIM6_DAC_IRQHandler
                0x000000000800b0c8                TIM1_BRK_TIM9_IRQHandler
                0x000000000800b0c8                CAN2_RX0_IRQHandler
                0x000000000800b0c8                DMA2_Stream3_IRQHandler
                0x000000000800b0c8                USART6_IRQHandler
                0x000000000800b0c8                USART3_IRQHandler
                0x000000000800b0c8                CAN1_RX1_IRQHandler
                0x000000000800b0c8                UART5_IRQHandler
                0x000000000800b0c8                DMA2_Stream0_IRQHandler
                0x000000000800b0c8                I2C1_EV_IRQHandler
                0x000000000800b0c8                DMA1_Stream1_IRQHandler
                0x000000000800b0c8                UART4_IRQHandler
                0x000000000800b0c8                RCC_IRQHandler
                0x000000000800b0c8                TIM8_BRK_TIM12_IRQHandler
                0x000000000800b0c8                Default_Handler
                0x000000000800b0c8                EXTI15_10_IRQHandler
                0x000000000800b0c8                ADC_IRQHandler
                0x000000000800b0c8                DMA1_Stream7_IRQHandler
                0x000000000800b0c8                TIM7_IRQHandler
                0x000000000800b0c8                CAN2_TX_IRQHandler
                0x000000000800b0c8                DMA2_Stream7_IRQHandler
                0x000000000800b0c8                I2C3_EV_IRQHandler
                0x000000000800b0c8                EXTI9_5_IRQHandler
                0x000000000800b0c8                RTC_WKUP_IRQHandler
                0x000000000800b0c8                SPI2_IRQHandler
                0x000000000800b0c8                OTG_HS_EP1_IN_IRQHandler
                0x000000000800b0c8                DMA1_Stream0_IRQHandler
                0x000000000800b0c8                CAN1_TX_IRQHandler
                0x000000000800b0c8                EXTI4_IRQHandler
                0x000000000800b0c8                FSMC_IRQHandler
                0x000000000800b0c8                OTG_HS_EP1_OUT_IRQHandler
                0x000000000800b0c8                WWDG_IRQHandler
                0x000000000800b0c8                OTG_FS_WKUP_IRQHandler
                0x000000000800b0c8                TIM1_TRG_COM_TIM11_IRQHandler
                0x000000000800b0c8                OTG_HS_IRQHandler
                0x000000000800b0c8                EXTI1_IRQHandler
                0x000000000800b0c8                I2C2_ER_IRQHandler
                0x000000000800b0c8                DMA2_Stream1_IRQHandler
                0x000000000800b0c8                CAN1_SCE_IRQHandler
                0x000000000800b0c8                FLASH_IRQHandler
                0x000000000800b0c8                DMA2_Stream4_IRQHandler
                0x000000000800b0c8                USART1_IRQHandler
                0x000000000800b0c8                OTG_FS_IRQHandler
                0x000000000800b0c8                SPI3_IRQHandler
                0x000000000800b0c8                DMA1_Stream4_IRQHandler
                0x000000000800b0c8                I2C1_ER_IRQHandler
                0x000000000800b0c8                DMA2_Stream6_IRQHandler
                0x000000000800b0c8                DMA1_Stream3_IRQHandler
 .text.__cxa_pure_virtual
                0x000000000800b0ca        0x6 /opt/stm32cubeide/plugins/com.st.stm32cube.ide.mcu.externaltools.gnu-tools-for-stm32.7-2018-q2-update.linux64_1.0.0.201904181610/tools/bin/../lib/gcc/arm-none-eabi/7.3.1/../../../../arm-none-eabi/lib/thumb/v7e-m/fpv4-sp/hard/libstdc++_nano.a(pure.o)
                0x000000000800b0ca                __cxa_pure_virtual
 .text._Znwj    0x000000000800b0d0       0x22 /opt/stm32cubeide/plugins/com.st.stm32cube.ide.mcu.externaltools.gnu-tools-for-stm32.7-2018-q2-update.linux64_1.0.0.201904181610/tools/bin/../lib/gcc/arm-none-eabi/7.3.1/../../../../arm-none-eabi/lib/thumb/v7e-m/fpv4-sp/hard/libstdc++_nano.a(new_op.o)
                0x000000000800b0d0                operator new(unsigned int)
 *fill*         0x000000000800b0f2        0x2 
 .text._ZSt15get_new_handlerv
                0x000000000800b0f4       0x10 /opt/stm32cubeide/plugins/com.st.stm32cube.ide.mcu.externaltools.gnu-tools-for-stm32.7-2018-q2-update.linux64_1.0.0.201904181610/tools/bin/../lib/gcc/arm-none-eabi/7.3.1/../../../../arm-none-eabi/lib/thumb/v7e-m/fpv4-sp/hard/libstdc++_nano.a(new_handler.o)
                0x000000000800b0f4                std::get_new_handler()
 .text._ZN10__cxxabiv111__terminateEPFvvE
                0x000000000800b104        0x8 /opt/stm32cubeide/plugins/com.st.stm32cube.ide.mcu.externaltools.gnu-tools-for-stm32.7-2018-q2-update.linux64_1.0.0.201904181610/tools/bin/../lib/gcc/arm-none-eabi/7.3.1/../../../../arm-none-eabi/lib/thumb/v7e-m/fpv4-sp/hard/libstdc++_nano.a(eh_terminate.o)
                0x000000000800b104                __cxxabiv1::__terminate(void (*)())
 .text._ZSt13get_terminatev
                0x000000000800b10c       0x10 /opt/stm32cubeide/plugins/com.st.stm32cube.ide.mcu.externaltools.gnu-tools-for-stm32.7-2018-q2-update.linux64_1.0.0.201904181610/tools/bin/../lib/gcc/arm-none-eabi/7.3.1/../../../../arm-none-eabi/lib/thumb/v7e-m/fpv4-sp/hard/libstdc++_nano.a(eh_terminate.o)
                0x000000000800b10c                std::get_terminate()
 .text._ZSt9terminatev
                0x000000000800b11c        0xa /opt/stm32cubeide/plugins/com.st.stm32cube.ide.mcu.externaltools.gnu-tools-for-stm32.7-2018-q2-update.linux64_1.0.0.201904181610/tools/bin/../lib/gcc/arm-none-eabi/7.3.1/../../../../arm-none-eabi/lib/thumb/v7e-m/fpv4-sp/hard/libstdc++_nano.a(eh_terminate.o)
                0x000000000800b11c                std::terminate()
 .text.abort    0x000000000800b126        0xe /opt/stm32cubeide/plugins/com.st.stm32cube.ide.mcu.externaltools.gnu-tools-for-stm32.7-2018-q2-update.linux64_1.0.0.201904181610/tools/bin/../lib/gcc/arm-none-eabi/7.3.1/../../../../arm-none-eabi/lib/thumb/v7e-m/fpv4-sp/hard/libc_nano.a(lib_a-abort.o)
                0x000000000800b126                abort
 .text.__errno  0x000000000800b134        0xc /opt/stm32cubeide/plugins/com.st.stm32cube.ide.mcu.externaltools.gnu-tools-for-stm32.7-2018-q2-update.linux64_1.0.0.201904181610/tools/bin/../lib/gcc/arm-none-eabi/7.3.1/../../../../arm-none-eabi/lib/thumb/v7e-m/fpv4-sp/hard/libc_nano.a(lib_a-errno.o)
                0x000000000800b134                __errno
 .text.__libc_init_array
                0x000000000800b140       0x48 /opt/stm32cubeide/plugins/com.st.stm32cube.ide.mcu.externaltools.gnu-tools-for-stm32.7-2018-q2-update.linux64_1.0.0.201904181610/tools/bin/../lib/gcc/arm-none-eabi/7.3.1/../../../../arm-none-eabi/lib/thumb/v7e-m/fpv4-sp/hard/libc_nano.a(lib_a-init.o)
                0x000000000800b140                __libc_init_array
 .text.malloc   0x000000000800b188       0x10 /opt/stm32cubeide/plugins/com.st.stm32cube.ide.mcu.externaltools.gnu-tools-for-stm32.7-2018-q2-update.linux64_1.0.0.201904181610/tools/bin/../lib/gcc/arm-none-eabi/7.3.1/../../../../arm-none-eabi/lib/thumb/v7e-m/fpv4-sp/hard/libc_nano.a(lib_a-malloc.o)
                0x000000000800b188                malloc
 .text.memcpy   0x000000000800b198       0x16 /opt/stm32cubeide/plugins/com.st.stm32cube.ide.mcu.externaltools.gnu-tools-for-stm32.7-2018-q2-update.linux64_1.0.0.201904181610/tools/bin/../lib/gcc/arm-none-eabi/7.3.1/../../../../arm-none-eabi/lib/thumb/v7e-m/fpv4-sp/hard/libc_nano.a(lib_a-memcpy-stub.o)
                0x000000000800b198                memcpy
 .text.memset   0x000000000800b1ae       0x10 /opt/stm32cubeide/plugins/com.st.stm32cube.ide.mcu.externaltools.gnu-tools-for-stm32.7-2018-q2-update.linux64_1.0.0.201904181610/tools/bin/../lib/gcc/arm-none-eabi/7.3.1/../../../../arm-none-eabi/lib/thumb/v7e-m/fpv4-sp/hard/libc_nano.a(lib_a-memset.o)
                0x000000000800b1ae                memset
 *fill*         0x000000000800b1be        0x2 
 .text._free_r  0x000000000800b1c0       0x9c /opt/stm32cubeide/plugins/com.st.stm32cube.ide.mcu.externaltools.gnu-tools-for-stm32.7-2018-q2-update.linux64_1.0.0.201904181610/tools/bin/../lib/gcc/arm-none-eabi/7.3.1/../../../../arm-none-eabi/lib/thumb/v7e-m/fpv4-sp/hard/libc_nano.a(lib_a-nano-freer.o)
                0x000000000800b1c0                _free_r
 .text._malloc_r
                0x000000000800b25c       0xb4 /opt/stm32cubeide/plugins/com.st.stm32cube.ide.mcu.externaltools.gnu-tools-for-stm32.7-2018-q2-update.linux64_1.0.0.201904181610/tools/bin/../lib/gcc/arm-none-eabi/7.3.1/../../../../arm-none-eabi/lib/thumb/v7e-m/fpv4-sp/hard/libc_nano.a(lib_a-nano-mallocr.o)
                0x000000000800b25c                _malloc_r
 .text.__cvt    0x000000000800b310       0xc2 /opt/stm32cubeide/plugins/com.st.stm32cube.ide.mcu.externaltools.gnu-tools-for-stm32.7-2018-q2-update.linux64_1.0.0.201904181610/tools/bin/../lib/gcc/arm-none-eabi/7.3.1/../../../../arm-none-eabi/lib/thumb/v7e-m/fpv4-sp/hard/libc_nano.a(lib_a-nano-vfprintf_float.o)
                0x000000000800b310                __cvt
 .text.__exponent
                0x000000000800b3d2       0x66 /opt/stm32cubeide/plugins/com.st.stm32cube.ide.mcu.externaltools.gnu-tools-for-stm32.7-2018-q2-update.linux64_1.0.0.201904181610/tools/bin/../lib/gcc/arm-none-eabi/7.3.1/../../../../arm-none-eabi/lib/thumb/v7e-m/fpv4-sp/hard/libc_nano.a(lib_a-nano-vfprintf_float.o)
                0x000000000800b3d2                __exponent
 .text._printf_float
                0x000000000800b438      0x480 /opt/stm32cubeide/plugins/com.st.stm32cube.ide.mcu.externaltools.gnu-tools-for-stm32.7-2018-q2-update.linux64_1.0.0.201904181610/tools/bin/../lib/gcc/arm-none-eabi/7.3.1/../../../../arm-none-eabi/lib/thumb/v7e-m/fpv4-sp/hard/libc_nano.a(lib_a-nano-vfprintf_float.o)
                0x000000000800b438                _printf_float
 .text._printf_common
                0x000000000800b8b8       0xea /opt/stm32cubeide/plugins/com.st.stm32cube.ide.mcu.externaltools.gnu-tools-for-stm32.7-2018-q2-update.linux64_1.0.0.201904181610/tools/bin/../lib/gcc/arm-none-eabi/7.3.1/../../../../arm-none-eabi/lib/thumb/v7e-m/fpv4-sp/hard/libc_nano.a(lib_a-nano-vfprintf_i.o)
                0x000000000800b8b8                _printf_common
 *fill*         0x000000000800b9a2        0x2 
 .text.realloc  0x000000000800b9a4       0x10 /opt/stm32cubeide/plugins/com.st.stm32cube.ide.mcu.externaltools.gnu-tools-for-stm32.7-2018-q2-update.linux64_1.0.0.201904181610/tools/bin/../lib/gcc/arm-none-eabi/7.3.1/../../../../arm-none-eabi/lib/thumb/v7e-m/fpv4-sp/hard/libc_nano.a(lib_a-realloc.o)
                0x000000000800b9a4                realloc
 .text._sbrk_r  0x000000000800b9b4       0x20 /opt/stm32cubeide/plugins/com.st.stm32cube.ide.mcu.externaltools.gnu-tools-for-stm32.7-2018-q2-update.linux64_1.0.0.201904181610/tools/bin/../lib/gcc/arm-none-eabi/7.3.1/../../../../arm-none-eabi/lib/thumb/v7e-m/fpv4-sp/hard/libc_nano.a(lib_a-sbrkr.o)
                0x000000000800b9b4                _sbrk_r
 .text._raise_r
                0x000000000800b9d4       0x50 /opt/stm32cubeide/plugins/com.st.stm32cube.ide.mcu.externaltools.gnu-tools-for-stm32.7-2018-q2-update.linux64_1.0.0.201904181610/tools/bin/../lib/gcc/arm-none-eabi/7.3.1/../../../../arm-none-eabi/lib/thumb/v7e-m/fpv4-sp/hard/libc_nano.a(lib_a-signal.o)
                0x000000000800b9d4                _raise_r
 .text.raise    0x000000000800ba24       0x10 /opt/stm32cubeide/plugins/com.st.stm32cube.ide.mcu.externaltools.gnu-tools-for-stm32.7-2018-q2-update.linux64_1.0.0.201904181610/tools/bin/../lib/gcc/arm-none-eabi/7.3.1/../../../../arm-none-eabi/lib/thumb/v7e-m/fpv4-sp/hard/libc_nano.a(lib_a-signal.o)
                0x000000000800ba24                raise
 .text._kill_r  0x000000000800ba34       0x24 /opt/stm32cubeide/plugins/com.st.stm32cube.ide.mcu.externaltools.gnu-tools-for-stm32.7-2018-q2-update.linux64_1.0.0.201904181610/tools/bin/../lib/gcc/arm-none-eabi/7.3.1/../../../../arm-none-eabi/lib/thumb/v7e-m/fpv4-sp/hard/libc_nano.a(lib_a-signalr.o)
                0x000000000800ba34                _kill_r
 .text._getpid_r
                0x000000000800ba58        0x4 /opt/stm32cubeide/plugins/com.st.stm32cube.ide.mcu.externaltools.gnu-tools-for-stm32.7-2018-q2-update.linux64_1.0.0.201904181610/tools/bin/../lib/gcc/arm-none-eabi/7.3.1/../../../../arm-none-eabi/lib/thumb/v7e-m/fpv4-sp/hard/libc_nano.a(lib_a-signalr.o)
                0x000000000800ba58                _getpid_r
 .text.quorem   0x000000000800ba5c      0x118 /opt/stm32cubeide/plugins/com.st.stm32cube.ide.mcu.externaltools.gnu-tools-for-stm32.7-2018-q2-update.linux64_1.0.0.201904181610/tools/bin/../lib/gcc/arm-none-eabi/7.3.1/../../../../arm-none-eabi/lib/thumb/v7e-m/fpv4-sp/hard/libc_nano.a(lib_a-dtoa.o)
 *fill*         0x000000000800bb74        0x4 
 .text._dtoa_r  0x000000000800bb78      0xb70 /opt/stm32cubeide/plugins/com.st.stm32cube.ide.mcu.externaltools.gnu-tools-for-stm32.7-2018-q2-update.linux64_1.0.0.201904181610/tools/bin/../lib/gcc/arm-none-eabi/7.3.1/../../../../arm-none-eabi/lib/thumb/v7e-m/fpv4-sp/hard/libc_nano.a(lib_a-dtoa.o)
                0x000000000800bb78                _dtoa_r
 .text._localeconv_r
                0x000000000800c6e8       0x1c /opt/stm32cubeide/plugins/com.st.stm32cube.ide.mcu.externaltools.gnu-tools-for-stm32.7-2018-q2-update.linux64_1.0.0.201904181610/tools/bin/../lib/gcc/arm-none-eabi/7.3.1/../../../../arm-none-eabi/lib/thumb/v7e-m/fpv4-sp/hard/libc_nano.a(lib_a-localeconv.o)
                0x000000000800c6e8                _localeconv_r
 .text.__malloc_lock
                0x000000000800c704        0x2 /opt/stm32cubeide/plugins/com.st.stm32cube.ide.mcu.externaltools.gnu-tools-for-stm32.7-2018-q2-update.linux64_1.0.0.201904181610/tools/bin/../lib/gcc/arm-none-eabi/7.3.1/../../../../arm-none-eabi/lib/thumb/v7e-m/fpv4-sp/hard/libc_nano.a(lib_a-mlock.o)
                0x000000000800c704                __malloc_lock
 .text.__malloc_unlock
                0x000000000800c706        0x2 /opt/stm32cubeide/plugins/com.st.stm32cube.ide.mcu.externaltools.gnu-tools-for-stm32.7-2018-q2-update.linux64_1.0.0.201904181610/tools/bin/../lib/gcc/arm-none-eabi/7.3.1/../../../../arm-none-eabi/lib/thumb/v7e-m/fpv4-sp/hard/libc_nano.a(lib_a-mlock.o)
                0x000000000800c706                __malloc_unlock
 .text._Balloc  0x000000000800c708       0x68 /opt/stm32cubeide/plugins/com.st.stm32cube.ide.mcu.externaltools.gnu-tools-for-stm32.7-2018-q2-update.linux64_1.0.0.201904181610/tools/bin/../lib/gcc/arm-none-eabi/7.3.1/../../../../arm-none-eabi/lib/thumb/v7e-m/fpv4-sp/hard/libc_nano.a(lib_a-mprec.o)
                0x000000000800c708                _Balloc
 .text._Bfree   0x000000000800c770       0x2e /opt/stm32cubeide/plugins/com.st.stm32cube.ide.mcu.externaltools.gnu-tools-for-stm32.7-2018-q2-update.linux64_1.0.0.201904181610/tools/bin/../lib/gcc/arm-none-eabi/7.3.1/../../../../arm-none-eabi/lib/thumb/v7e-m/fpv4-sp/hard/libc_nano.a(lib_a-mprec.o)
                0x000000000800c770                _Bfree
 .text.__multadd
                0x000000000800c79e       0x76 /opt/stm32cubeide/plugins/com.st.stm32cube.ide.mcu.externaltools.gnu-tools-for-stm32.7-2018-q2-update.linux64_1.0.0.201904181610/tools/bin/../lib/gcc/arm-none-eabi/7.3.1/../../../../arm-none-eabi/lib/thumb/v7e-m/fpv4-sp/hard/libc_nano.a(lib_a-mprec.o)
                0x000000000800c79e                __multadd
 .text.__hi0bits
                0x000000000800c814       0x3e /opt/stm32cubeide/plugins/com.st.stm32cube.ide.mcu.externaltools.gnu-tools-for-stm32.7-2018-q2-update.linux64_1.0.0.201904181610/tools/bin/../lib/gcc/arm-none-eabi/7.3.1/../../../../arm-none-eabi/lib/thumb/v7e-m/fpv4-sp/hard/libc_nano.a(lib_a-mprec.o)
                0x000000000800c814                __hi0bits
 .text.__lo0bits
                0x000000000800c852       0x5e /opt/stm32cubeide/plugins/com.st.stm32cube.ide.mcu.externaltools.gnu-tools-for-stm32.7-2018-q2-update.linux64_1.0.0.201904181610/tools/bin/../lib/gcc/arm-none-eabi/7.3.1/../../../../arm-none-eabi/lib/thumb/v7e-m/fpv4-sp/hard/libc_nano.a(lib_a-mprec.o)
                0x000000000800c852                __lo0bits
 .text.__i2b    0x000000000800c8b0       0x12 /opt/stm32cubeide/plugins/com.st.stm32cube.ide.mcu.externaltools.gnu-tools-for-stm32.7-2018-q2-update.linux64_1.0.0.201904181610/tools/bin/../lib/gcc/arm-none-eabi/7.3.1/../../../../arm-none-eabi/lib/thumb/v7e-m/fpv4-sp/hard/libc_nano.a(lib_a-mprec.o)
                0x000000000800c8b0                __i2b
 .text.__multiply
                0x000000000800c8c2      0x12c /opt/stm32cubeide/plugins/com.st.stm32cube.ide.mcu.externaltools.gnu-tools-for-stm32.7-2018-q2-update.linux64_1.0.0.201904181610/tools/bin/../lib/gcc/arm-none-eabi/7.3.1/../../../../arm-none-eabi/lib/thumb/v7e-m/fpv4-sp/hard/libc_nano.a(lib_a-mprec.o)
                0x000000000800c8c2                __multiply
 *fill*         0x000000000800c9ee        0x2 
 .text.__pow5mult
                0x000000000800c9f0       0x9c /opt/stm32cubeide/plugins/com.st.stm32cube.ide.mcu.externaltools.gnu-tools-for-stm32.7-2018-q2-update.linux64_1.0.0.201904181610/tools/bin/../lib/gcc/arm-none-eabi/7.3.1/../../../../arm-none-eabi/lib/thumb/v7e-m/fpv4-sp/hard/libc_nano.a(lib_a-mprec.o)
                0x000000000800c9f0                __pow5mult
 .text.__lshift
                0x000000000800ca8c       0xa8 /opt/stm32cubeide/plugins/com.st.stm32cube.ide.mcu.externaltools.gnu-tools-for-stm32.7-2018-q2-update.linux64_1.0.0.201904181610/tools/bin/../lib/gcc/arm-none-eabi/7.3.1/../../../../arm-none-eabi/lib/thumb/v7e-m/fpv4-sp/hard/libc_nano.a(lib_a-mprec.o)
                0x000000000800ca8c                __lshift
 .text.__mcmp   0x000000000800cb34       0x34 /opt/stm32cubeide/plugins/com.st.stm32cube.ide.mcu.externaltools.gnu-tools-for-stm32.7-2018-q2-update.linux64_1.0.0.201904181610/tools/bin/../lib/gcc/arm-none-eabi/7.3.1/../../../../arm-none-eabi/lib/thumb/v7e-m/fpv4-sp/hard/libc_nano.a(lib_a-mprec.o)
                0x000000000800cb34                __mcmp
 .text.__mdiff  0x000000000800cb68       0xba /opt/stm32cubeide/plugins/com.st.stm32cube.ide.mcu.externaltools.gnu-tools-for-stm32.7-2018-q2-update.linux64_1.0.0.201904181610/tools/bin/../lib/gcc/arm-none-eabi/7.3.1/../../../../arm-none-eabi/lib/thumb/v7e-m/fpv4-sp/hard/libc_nano.a(lib_a-mprec.o)
                0x000000000800cb68                __mdiff
 .text.__d2b    0x000000000800cc22       0x9e /opt/stm32cubeide/plugins/com.st.stm32cube.ide.mcu.externaltools.gnu-tools-for-stm32.7-2018-q2-update.linux64_1.0.0.201904181610/tools/bin/../lib/gcc/arm-none-eabi/7.3.1/../../../../arm-none-eabi/lib/thumb/v7e-m/fpv4-sp/hard/libc_nano.a(lib_a-mprec.o)
                0x000000000800cc22                __d2b
 .text._calloc_r
                0x000000000800ccc0       0x1c /opt/stm32cubeide/plugins/com.st.stm32cube.ide.mcu.externaltools.gnu-tools-for-stm32.7-2018-q2-update.linux64_1.0.0.201904181610/tools/bin/../lib/gcc/arm-none-eabi/7.3.1/../../../../arm-none-eabi/lib/thumb/v7e-m/fpv4-sp/hard/libc_nano.a(lib_a-nano-callocr.o)
                0x000000000800ccc0                _calloc_r
 .text._realloc_r
                0x000000000800ccdc       0x4c /opt/stm32cubeide/plugins/com.st.stm32cube.ide.mcu.externaltools.gnu-tools-for-stm32.7-2018-q2-update.linux64_1.0.0.201904181610/tools/bin/../lib/gcc/arm-none-eabi/7.3.1/../../../../arm-none-eabi/lib/thumb/v7e-m/fpv4-sp/hard/libc_nano.a(lib_a-nano-reallocr.o)
                0x000000000800ccdc                _realloc_r
 .text.__ascii_mbtowc
                0x000000000800cd28       0x24 /opt/stm32cubeide/plugins/com.st.stm32cube.ide.mcu.externaltools.gnu-tools-for-stm32.7-2018-q2-update.linux64_1.0.0.201904181610/tools/bin/../lib/gcc/arm-none-eabi/7.3.1/../../../../arm-none-eabi/lib/thumb/v7e-m/fpv4-sp/hard/libc_nano.a(lib_a-mbtowc_r.o)
                0x000000000800cd28                __ascii_mbtowc
 .text._malloc_usable_size_r
                0x000000000800cd4c       0x10 /opt/stm32cubeide/plugins/com.st.stm32cube.ide.mcu.externaltools.gnu-tools-for-stm32.7-2018-q2-update.linux64_1.0.0.201904181610/tools/bin/../lib/gcc/arm-none-eabi/7.3.1/../../../../arm-none-eabi/lib/thumb/v7e-m/fpv4-sp/hard/libc_nano.a(lib_a-nano-msizer.o)
                0x000000000800cd4c                _malloc_usable_size_r
 .text.__ascii_wctomb
                0x000000000800cd5c       0x1a /opt/stm32cubeide/plugins/com.st.stm32cube.ide.mcu.externaltools.gnu-tools-for-stm32.7-2018-q2-update.linux64_1.0.0.201904181610/tools/bin/../lib/gcc/arm-none-eabi/7.3.1/../../../../arm-none-eabi/lib/thumb/v7e-m/fpv4-sp/hard/libc_nano.a(lib_a-wctomb_r.o)
                0x000000000800cd5c                __ascii_wctomb
 *(.glue_7)
 .glue_7        0x000000000800cd76        0x0 linker stubs
 *(.glue_7t)
 .glue_7t       0x000000000800cd76        0x0 linker stubs
 *(.eh_frame)
 *fill*         0x000000000800cd76        0x2 
 .eh_frame      0x000000000800cd78        0x0 /opt/stm32cubeide/plugins/com.st.stm32cube.ide.mcu.externaltools.gnu-tools-for-stm32.7-2018-q2-update.linux64_1.0.0.201904181610/tools/bin/../lib/gcc/arm-none-eabi/7.3.1/thumb/v7e-m/fpv4-sp/hard/crtbegin.o
 *(.init)
 .init          0x000000000800cd78        0x4 /opt/stm32cubeide/plugins/com.st.stm32cube.ide.mcu.externaltools.gnu-tools-for-stm32.7-2018-q2-update.linux64_1.0.0.201904181610/tools/bin/../lib/gcc/arm-none-eabi/7.3.1/thumb/v7e-m/fpv4-sp/hard/crti.o
                0x000000000800cd78                _init
 .init          0x000000000800cd7c        0x8 /opt/stm32cubeide/plugins/com.st.stm32cube.ide.mcu.externaltools.gnu-tools-for-stm32.7-2018-q2-update.linux64_1.0.0.201904181610/tools/bin/../lib/gcc/arm-none-eabi/7.3.1/thumb/v7e-m/fpv4-sp/hard/crtn.o
 *(.fini)
 .fini          0x000000000800cd84        0x4 /opt/stm32cubeide/plugins/com.st.stm32cube.ide.mcu.externaltools.gnu-tools-for-stm32.7-2018-q2-update.linux64_1.0.0.201904181610/tools/bin/../lib/gcc/arm-none-eabi/7.3.1/thumb/v7e-m/fpv4-sp/hard/crti.o
                0x000000000800cd84                _fini
 .fini          0x000000000800cd88        0x8 /opt/stm32cubeide/plugins/com.st.stm32cube.ide.mcu.externaltools.gnu-tools-for-stm32.7-2018-q2-update.linux64_1.0.0.201904181610/tools/bin/../lib/gcc/arm-none-eabi/7.3.1/thumb/v7e-m/fpv4-sp/hard/crtn.o
                0x000000000800cd90                . = ALIGN (0x4)
                0x000000000800cd90                _etext = .

.vfp11_veneer   0x000000000800cd90        0x0
 .vfp11_veneer  0x000000000800cd90        0x0 linker stubs

.v4_bx          0x000000000800cd90        0x0
 .v4_bx         0x000000000800cd90        0x0 linker stubs

.iplt           0x000000000800cd90        0x0
 .iplt          0x000000000800cd90        0x0 /opt/stm32cubeide/plugins/com.st.stm32cube.ide.mcu.externaltools.gnu-tools-for-stm32.7-2018-q2-update.linux64_1.0.0.201904181610/tools/bin/../lib/gcc/arm-none-eabi/7.3.1/thumb/v7e-m/fpv4-sp/hard/crtbegin.o

.rodata         0x000000000800cd90      0x790
                0x000000000800cd90                . = ALIGN (0x4)
 *(.rodata)
 .rodata        0x000000000800cd90      0x36b Src/C_TO.o
 *(.rodata*)
 *fill*         0x000000000800d0fb        0x1 
 .rodata.flagBitshiftOffset.8754
                0x000000000800d0fc        0x8 Drivers/STM32F4xx_HAL_Driver/Src/stm32f4xx_hal_dma.o
 .rodata._ZN14rosserial_msgsL12REQUESTPARAME
                0x000000000800d104       0x1c Src/C_TO.o
 .rodata._ZTVN3ros10SubscriberIN8std_msgs7Float32EvEE
                0x000000000800d120       0x18 Src/C_TO.o
                0x000000000800d120                vtable for ros::Subscriber<std_msgs::Float32, void>
 .rodata._ZTVN3ros11NodeHandle_I13STM32HardwareLi25ELi25ELi512ELi512EEE
                0x000000000800d138       0x14 Src/C_TO.o
                0x000000000800d138                vtable for ros::NodeHandle_<STM32Hardware, 25, 25, 512, 512>
 .rodata._ZTVN8std_msgs7Float32E
                0x000000000800d14c       0x18 Src/C_TO.o
                0x000000000800d14c                vtable for std_msgs::Float32
 .rodata._ZTVN8nav_msgs8OdometryE
                0x000000000800d164       0x18 Src/C_TO.o
                0x000000000800d164                vtable for nav_msgs::Odometry
 .rodata._ZTVN13geometry_msgs19TwistWithCovarianceE
                0x000000000800d17c       0x18 Src/C_TO.o
                0x000000000800d17c                vtable for geometry_msgs::TwistWithCovariance
 .rodata._ZTVN13geometry_msgs5TwistE
                0x000000000800d194       0x18 Src/C_TO.o
                0x000000000800d194                vtable for geometry_msgs::Twist
 .rodata._ZTVN13geometry_msgs7Vector3E
                0x000000000800d1ac       0x18 Src/C_TO.o
                0x000000000800d1ac                vtable for geometry_msgs::Vector3
 .rodata._ZTVN13geometry_msgs18PoseWithCovarianceE
                0x000000000800d1c4       0x18 Src/C_TO.o
                0x000000000800d1c4                vtable for geometry_msgs::PoseWithCovariance
 .rodata._ZTVN13geometry_msgs4PoseE
                0x000000000800d1dc       0x18 Src/C_TO.o
                0x000000000800d1dc                vtable for geometry_msgs::Pose
 .rodata._ZTVN13geometry_msgs10QuaternionE
                0x000000000800d1f4       0x18 Src/C_TO.o
                0x000000000800d1f4                vtable for geometry_msgs::Quaternion
 .rodata._ZTVN13geometry_msgs5PointE
                0x000000000800d20c       0x18 Src/C_TO.o
                0x000000000800d20c                vtable for geometry_msgs::Point
 .rodata._ZTVN8std_msgs6HeaderE
                0x000000000800d224       0x18 Src/C_TO.o
                0x000000000800d224                vtable for std_msgs::Header
 .rodata._ZTVN3ros11Subscriber_E
                0x000000000800d23c       0x18 Src/C_TO.o
                0x000000000800d23c                vtable for ros::Subscriber_
 .rodata._ZTVN3ros15NodeHandleBase_E
                0x000000000800d254       0x14 Src/C_TO.o
                0x000000000800d254                vtable for ros::NodeHandleBase_
 .rodata._ZTVN14rosserial_msgs20RequestParamResponseE
                0x000000000800d268       0x18 Src/C_TO.o
                0x000000000800d268                vtable for rosserial_msgs::RequestParamResponse
 .rodata._ZTVN14rosserial_msgs3LogE
                0x000000000800d280       0x18 Src/C_TO.o
                0x000000000800d280                vtable for rosserial_msgs::Log
 .rodata._ZTVN14rosserial_msgs9TopicInfoE
                0x000000000800d298       0x18 Src/C_TO.o
                0x000000000800d298                vtable for rosserial_msgs::TopicInfo
 .rodata._ZTVN8std_msgs4TimeE
                0x000000000800d2b0       0x18 Src/C_TO.o
                0x000000000800d2b0                vtable for std_msgs::Time
 .rodata._ZTVN3ros3MsgE
                0x000000000800d2c8       0x18 Src/C_TO.o
                0x000000000800d2c8                vtable for ros::Msg
 .rodata.AHBPrescTable
                0x000000000800d2e0       0x10 Src/system_stm32f4xx.o
                0x000000000800d2e0                AHBPrescTable
 .rodata.APBPrescTable
                0x000000000800d2f0        0x8 Src/system_stm32f4xx.o
                0x000000000800d2f0                APBPrescTable
 .rodata._printf_float.str1.1
                0x000000000800d2f8       0x12 /opt/stm32cubeide/plugins/com.st.stm32cube.ide.mcu.externaltools.gnu-tools-for-stm32.7-2018-q2-update.linux64_1.0.0.201904181610/tools/bin/../lib/gcc/arm-none-eabi/7.3.1/../../../../arm-none-eabi/lib/thumb/v7e-m/fpv4-sp/hard/libc_nano.a(lib_a-nano-vfprintf_float.o)
 .rodata._dtoa_r.str1.1
                0x000000000800d30a        0xd /opt/stm32cubeide/plugins/com.st.stm32cube.ide.mcu.externaltools.gnu-tools-for-stm32.7-2018-q2-update.linux64_1.0.0.201904181610/tools/bin/../lib/gcc/arm-none-eabi/7.3.1/../../../../arm-none-eabi/lib/thumb/v7e-m/fpv4-sp/hard/libc_nano.a(lib_a-dtoa.o)
                                          0xf (size before relaxing)
 *fill*         0x000000000800d317        0x1 
 .rodata.__mprec_bigtens
                0x000000000800d318       0x28 /opt/stm32cubeide/plugins/com.st.stm32cube.ide.mcu.externaltools.gnu-tools-for-stm32.7-2018-q2-update.linux64_1.0.0.201904181610/tools/bin/../lib/gcc/arm-none-eabi/7.3.1/../../../../arm-none-eabi/lib/thumb/v7e-m/fpv4-sp/hard/libc_nano.a(lib_a-mprec.o)
                0x000000000800d318                __mprec_bigtens
 .rodata.__mprec_tens
                0x000000000800d340       0xc8 /opt/stm32cubeide/plugins/com.st.stm32cube.ide.mcu.externaltools.gnu-tools-for-stm32.7-2018-q2-update.linux64_1.0.0.201904181610/tools/bin/../lib/gcc/arm-none-eabi/7.3.1/../../../../arm-none-eabi/lib/thumb/v7e-m/fpv4-sp/hard/libc_nano.a(lib_a-mprec.o)
                0x000000000800d340                __mprec_tens
 .rodata.p05.7359
                0x000000000800d408        0xc /opt/stm32cubeide/plugins/com.st.stm32cube.ide.mcu.externaltools.gnu-tools-for-stm32.7-2018-q2-update.linux64_1.0.0.201904181610/tools/bin/../lib/gcc/arm-none-eabi/7.3.1/../../../../arm-none-eabi/lib/thumb/v7e-m/fpv4-sp/hard/libc_nano.a(lib_a-mprec.o)
 .rodata._setlocale_r.str1.1
                0x000000000800d414        0x8 /opt/stm32cubeide/plugins/com.st.stm32cube.ide.mcu.externaltools.gnu-tools-for-stm32.7-2018-q2-update.linux64_1.0.0.201904181610/tools/bin/../lib/gcc/arm-none-eabi/7.3.1/../../../../arm-none-eabi/lib/thumb/v7e-m/fpv4-sp/hard/libc_nano.a(lib_a-locale.o)
                                          0x9 (size before relaxing)
 .rodata.str1.1
                0x000000000800d41c        0x2 /opt/stm32cubeide/plugins/com.st.stm32cube.ide.mcu.externaltools.gnu-tools-for-stm32.7-2018-q2-update.linux64_1.0.0.201904181610/tools/bin/../lib/gcc/arm-none-eabi/7.3.1/../../../../arm-none-eabi/lib/thumb/v7e-m/fpv4-sp/hard/libc_nano.a(lib_a-locale.o)
 .rodata._ctype_
                0x000000000800d41e      0x101 /opt/stm32cubeide/plugins/com.st.stm32cube.ide.mcu.externaltools.gnu-tools-for-stm32.7-2018-q2-update.linux64_1.0.0.201904181610/tools/bin/../lib/gcc/arm-none-eabi/7.3.1/../../../../arm-none-eabi/lib/thumb/v7e-m/fpv4-sp/hard/libc_nano.a(lib_a-ctype_.o)
                0x000000000800d41e                _ctype_
                0x000000000800d520                . = ALIGN (0x4)
 *fill*         0x000000000800d51f        0x1 

.ARM.extab      0x000000000800d520        0x0
                0x000000000800d520                . = ALIGN (0x4)
 *(.ARM.extab* .gnu.linkonce.armextab.*)
                0x000000000800d520                . = ALIGN (0x4)

.ARM            0x000000000800d520        0x8
                0x000000000800d520                . = ALIGN (0x4)
                0x000000000800d520                __exidx_start = .
 *(.ARM.exidx*)
 .ARM.exidx     0x000000000800d520        0x8 /opt/stm32cubeide/plugins/com.st.stm32cube.ide.mcu.externaltools.gnu-tools-for-stm32.7-2018-q2-update.linux64_1.0.0.201904181610/tools/bin/../lib/gcc/arm-none-eabi/7.3.1/thumb/v7e-m/fpv4-sp/hard/libgcc.a(_udivmoddi4.o)
                0x000000000800d528                __exidx_end = .
                0x000000000800d528                . = ALIGN (0x4)

.rel.dyn        0x000000000800d528        0x0
 .rel.iplt      0x000000000800d528        0x0 /opt/stm32cubeide/plugins/com.st.stm32cube.ide.mcu.externaltools.gnu-tools-for-stm32.7-2018-q2-update.linux64_1.0.0.201904181610/tools/bin/../lib/gcc/arm-none-eabi/7.3.1/thumb/v7e-m/fpv4-sp/hard/crtbegin.o

.preinit_array  0x000000000800d528        0x0
                0x000000000800d528                . = ALIGN (0x4)
                0x000000000800d528                PROVIDE (__preinit_array_start = .)
 *(.preinit_array*)
                0x000000000800d528                PROVIDE (__preinit_array_end = .)
                0x000000000800d528                . = ALIGN (0x4)

.init_array     0x000000000800d528        0x8
                0x000000000800d528                . = ALIGN (0x4)
                0x000000000800d528                PROVIDE (__init_array_start = .)
 *(SORT_BY_NAME(.init_array.*))
 *(.init_array*)
 .init_array    0x000000000800d528        0x4 /opt/stm32cubeide/plugins/com.st.stm32cube.ide.mcu.externaltools.gnu-tools-for-stm32.7-2018-q2-update.linux64_1.0.0.201904181610/tools/bin/../lib/gcc/arm-none-eabi/7.3.1/thumb/v7e-m/fpv4-sp/hard/crtbegin.o
 .init_array    0x000000000800d52c        0x4 Src/C_TO.o