main.c:133:5:main	8	static
main.c:194:6:SystemClock_Config	88	static
main.c:237:13:MX_I2C1_Init	8	static
main.c:271:13:MX_SPI2_Init	8	static
main.c:309:13:MX_TIM2_Init	56	static
main.c:358:13:MX_TIM3_Init	56	static
main.c:407:13:MX_TIM4_Init	56	static
main.c:456:13:MX_TIM5_Init	56	static
main.c:505:13:MX_TIM8_Init	96	static
main.c:592:13:MX_UART4_Init	8	static
main.c:625:13:MX_UART5_Init	8	static
main.c:658:13:MX_USART2_UART_Init	8	static
main.c:691:13:MX_USART3_UART_Init	8	static
main.c:724:13:MX_USB_OTG_FS_PCD_Init	8	static
main.c:757:13:MX_DMA_Init	16	static
main.c:778:13:MX_GPIO_Init	48	static
main.c:846:6:Error_Handler	4	static
